# Path: mpy-cross
# Arch: x86_64
# Object files:
[  0] linker synthesized
[  1] build/py/mpstate.o
[  2] build/py/nlr.o
[  3] build/py/nlrx64.o
[  4] build/py/malloc.o
[  5] build/py/gc.o
[  6] build/py/qstr.o
[  7] build/py/vstr.o
[  8] build/py/mpprint.o
[  9] build/py/unicode.o
[ 10] build/py/mpz.o
[ 11] build/py/reader.o
[ 12] build/py/lexer.o
[ 13] build/py/parse.o
[ 14] build/py/scope.o
[ 15] build/py/compile.o
[ 16] build/py/emitcommon.o
[ 17] build/py/emitbc.o
[ 18] build/py/asmbase.o
[ 19] build/py/asmx64.o
[ 20] build/py/emitnx64.o
[ 21] build/py/asmx86.o
[ 22] build/py/emitnx86.o
[ 23] build/py/asmthumb.o
[ 24] build/py/emitnthumb.o
[ 25] build/py/emitinlinethumb.o
[ 26] build/py/asmarm.o
[ 27] build/py/emitnarm.o
[ 28] build/py/asmxtensa.o
[ 29] build/py/emitnxtensa.o
[ 30] build/py/emitinlinextensa.o
[ 31] build/py/emitnxtensawin.o
[ 32] build/py/formatfloat.o
[ 33] build/py/parsenumbase.o
[ 34] build/py/parsenum.o
[ 35] build/py/emitglue.o
[ 36] build/py/persistentcode.o
[ 37] build/py/runtime.o
[ 38] build/py/nativeglue.o
[ 39] build/py/stackctrl.o
[ 40] build/py/argcheck.o
[ 41] build/py/warning.o
[ 42] build/py/map.o
[ 43] build/py/obj.o
[ 44] build/py/objarray.o
[ 45] build/py/objbool.o
[ 46] build/py/objboundmeth.o
[ 47] build/py/objcomplex.o
[ 48] build/py/objdict.o
[ 49] build/py/objenumerate.o
[ 50] build/py/objexcept.o
[ 51] build/py/objfilter.o
[ 52] build/py/objfloat.o
[ 53] build/py/objfun.o
[ 54] build/py/objgenerator.o
[ 55] build/py/objgetitemiter.o
[ 56] build/py/objint.o
[ 57] build/py/objint_mpz.o
[ 58] build/py/objlist.o
[ 59] build/py/objmap.o
[ 60] build/py/objmodule.o
[ 61] build/py/objobject.o
[ 62] build/py/objpolyiter.o
[ 63] build/py/objproperty.o
[ 64] build/py/objnone.o
[ 65] build/py/objrange.o
[ 66] build/py/objreversed.o
[ 67] build/py/objset.o
[ 68] build/py/objsingleton.o
[ 69] build/py/objslice.o
[ 70] build/py/objstr.o
[ 71] build/py/objstrunicode.o
[ 72] build/py/objtuple.o
[ 73] build/py/objtype.o
[ 74] build/py/objzip.o
[ 75] build/py/opmethods.o
[ 76] build/py/sequence.o
[ 77] build/py/stream.o
[ 78] build/py/binary.o
[ 79] build/py/builtinimport.o
[ 80] build/py/builtinevex.o
[ 81] build/py/modbuiltins.o
[ 82] build/py/modmicropython.o
[ 83] build/py/modstruct.o
[ 84] build/py/vm.o
[ 85] build/py/bc.o
[ 86] build/py/smallint.o
[ 87] build/main.o
[ 88] build/gccollect.o
[ 89] build/shared/runtime/gchelper_generic.o
[ 90] /Library/Developer/CommandLineTools/SDKs/MacOSX.sdk/usr/lib/libm.tbd
# Sections:
# Address	Size    	Segment	Section
0x100002790	0x000436EB	__TEXT	__text
0x100045E7C	0x000000C0	__TEXT	__stubs
0x100045F40	0x00000FA5	__TEXT	__const
0x100046EE5	0x000050D2	__TEXT	__cstring
0x10004BFB8	0x00000048	__TEXT	__unwind_info
0x10004C000	0x000001C0	__DATA_CONST	__got
0x10004C1C0	0x00003C00	__DATA_CONST	__const
0x100050000	0x00000008	__DATA	__data
0x100050008	0x00000370	__DATA	__common
0x100050378	0x00000004	__DATA	__bss
# Symbols:
# Address	Size    	File  Name
0x100002790	0x0000001A	[  2] _nlr_push_tail
0x1000027AA	0x00000018	[  2] _nlr_pop
0x1000027C2	0x00000032	[  3] _nlr_push
0x1000027F4	0x00000053	[  3] _nlr_jump
0x100002847	0x00000029	[  4] _m_malloc
0x100002870	0x0000000C	[  4] _m_malloc_maybe
0x10000287C	0x0000000A	[  4] _m_malloc0
0x100002886	0x0000002C	[  4] _m_realloc
0x1000028B2	0x0000000A	[  4] _m_realloc_maybe
0x1000028BC	0x0000000A	[  4] _m_free
0x1000028D0	0x00000090	[  5] _gc_init
0x100002960	0x00000020	[  5] _gc_is_locked
0x100002980	0x00000040	[  5] _gc_collect_start
0x1000029C0	0x000001C0	[  5] _gc_collect_root
0x100002B80	0x00000260	[  5] _gc_collect_end
0x100002DE0	0x000001C0	[  5] _gc_alloc
0x100002FA0	0x000000F0	[  5] _gc_free
0x100003090	0x00000350	[  5] _gc_realloc
0x1000033E0	0x00000040	[  6] _qstr_compute_hash
0x100003420	0x00000023	[  6] _qstr_init
0x100003443	0x000000F5	[  6] _qstr_find_strn
0x100003538	0x0000001F	[  6] _qstr_from_str
0x100003557	0x00000213	[  6] _qstr_from_strn
0x10000376A	0x00000028	[  6] _qstr_hash
0x100003792	0x00000029	[  6] _qstr_len
0x1000037BB	0x00000029	[  6] _qstr_str
0x1000037E4	0x00000030	[  6] _qstr_data
0x100003814	0x00000034	[  7] _vstr_init
0x100003848	0x0000003D	[  7] _vstr_init_len
0x100003885	0x00000044	[  7] _vstr_init_print
0x1000038C9	0x0000003D	[  7] _vstr_add_strn
0x100003906	0x00000027	[  7] _vstr_clear
0x10000392D	0x00000049	[  7] _vstr_extend
0x100003976	0x0000004C	[  7] _vstr_ensure_extra
0x1000039C2	0x00000036	[  7] _vstr_null_terminated_str
0x1000039F8	0x00000030	[  7] _vstr_add_byte
0x100003A28	0x00000138	[  7] _vstr_add_char
0x100003B60	0x00000048	[  7] _vstr_add_str
0x100003BA8	0x00000017	[  7] _vstr_cut_tail_bytes
0x100003BC2	0x0000003A	[  8] _mp_print_str
0x100003BFC	0x00000120	[  8] _mp_print_strn
0x100003D1C	0x00000469	[  8] _mp_print_mp_int
0x100004185	0x000000F6	[  8] _mp_print_float
0x10000427B	0x0000009A	[  8] _mp_printf
0x100004315	0x000005CB	[  8] _mp_vprintf
0x1000048E0	0x0000017F	[  8] _mp_print_int
0x100004A5F	0x0000005D	[  9] _utf8_get_char
0x100004ABC	0x00000017	[  9] _utf8_next_char
0x100004AD3	0x00000023	[  9] _utf8_ptr_to_index
0x100004AF6	0x0000002C	[  9] _utf8_charlen
0x100004B22	0x0000001E	[  9] _unichar_isspace
0x100004B40	0x0000001F	[  9] _unichar_isalpha
0x100004B5F	0x0000001E	[  9] _unichar_isdigit
0x100004B7D	0x0000001F	[  9] _unichar_isxdigit
0x100004B9C	0x0000001E	[  9] _unichar_isupper
0x100004BBA	0x0000001E	[  9] _unichar_islower
0x100004BD8	0x0000001F	[  9] _unichar_tolower
0x100004BF7	0x0000001F	[  9] _unichar_toupper
0x100004C16	0x00000019	[  9] _unichar_xdigit_value
0x100004C2F	0x00000055	[  9] _utf8_check
0x100004C84	0x00000014	[ 10] _mpz_init_zero
0x100004C98	0x0000005F	[ 10] _mpz_set_from_int
0x100004CF7	0x00000024	[ 10] _mpz_init_fixed_from_int
0x100004D1B	0x0000001A	[ 10] _mpz_deinit
0x100004D35	0x0000004A	[ 10] _mpz_set
0x100004D7F	0x0000005D	[ 10] _mpz_need_dig
0x100004DDC	0x0000006E	[ 10] _mpz_set_from_ll
0x100004E4A	0x00000177	[ 10] _mpz_set_from_float
0x100004FC1	0x00000120	[ 10] _mpz_set_from_str
0x1000050E1	0x000000DA	[ 10] _mpz_set_from_bytes
0x1000051BB	0x00000082	[ 10] _mpz_cmp
0x10000523D	0x00000020	[ 10] _mpz_abs_inpl
0x10000525D	0x00000020	[ 10] _mpz_neg_inpl
0x10000527D	0x000000AC	[ 10] _mpz_not_inpl
0x100005329	0x00000091	[ 10] _mpn_sub
0x1000053BA	0x00000088	[ 10] _mpn_add
0x100005442	0x00000118	[ 10] _mpz_shl_inpl
0x10000555A	0x00000139	[ 10] _mpz_shr_inpl
0x100005693	0x00000065	[ 10] _mpn_shr
0x1000056F8	0x000000E4	[ 10] _mpz_add_inpl
0x1000057DC	0x000000F2	[ 10] _mpz_sub_inpl
0x1000058CE	0x00000177	[ 10] _mpz_and_inpl
0x100005A45	0x00000171	[ 10] _mpz_or_inpl
0x100005BB6	0x0000014A	[ 10] _mpz_xor_inpl
0x100005D00	0x00000174	[ 10] _mpz_mul_inpl
0x100005E74	0x00000072	[ 10] _mpz_clone
0x100005EE6	0x00000026	[ 10] _mpz_free
0x100005F0C	0x00000132	[ 10] _mpz_pow_inpl
0x10000603E	0x000003DB	[ 10] _mpz_divmod_inpl
0x100006419	0x0000003D	[ 10] _mpz_hash
0x100006456	0x0000004E	[ 10] _mpz_as_int_checked
0x1000064A4	0x000000D5	[ 10] _mpz_as_bytes
0x100006579	0x00000052	[ 10] _mpz_as_float
0x1000065CB	0x000001F2	[ 10] _mpz_as_str_inpl
0x1000067BD	0x0000008A	[ 11] _mp_reader_new_file_from_fd
0x100006847	0x00000060	[ 11] _mp_reader_posix_readbyte
0x1000068A7	0x00000024	[ 11] _mp_reader_posix_close
0x1000068CB	0x0000003F	[ 11] _mp_reader_new_file
0x10000690C	0x00000B04	[ 12] _mp_lexer_to_next
0x100007410	0x0000008D	[ 12] _skip_whitespace
0x10000749D	0x00000050	[ 12] _indent_push
0x1000074ED	0x0000006B	[ 12] _is_string_or_bytes
0x100007558	0x000000EC	[ 12] _next_char
0x100007644	0x000000C5	[ 12] _mp_lexer_new
0x10000770C	0x00000047	[ 12] _mp_lexer_new_from_file
0x100007756	0x00000045	[ 12] _mp_lexer_free
0x10000779C	0x00000019	[ 13] _mp_parse_node_is_const_false
0x1000077B5	0x0000001B	[ 13] _mp_parse_node_is_const_true
0x1000077D0	0x00000052	[ 13] _mp_parse_node_get_int_maybe
0x100007822	0x00000040	[ 13] _mp_parse_node_extract_list
0x100007862	0x00000974	[ 13] _mp_parse
0x1000081D6	0x0000007F	[ 13] _push_rule
0x100008255	0x000001BB	[ 13] _push_result_token
0x100008410	0x00000030	[ 13] _push_rule_from_arg
0x100008440	0x0000004F	[ 13] _push_result_node
0x10000848F	0x00000029	[ 13] _pop_result
0x1000084B8	0x00000964	[ 13] _push_result_rule
0x100008E1C	0x00000027	[ 13] _mp_parse_tree_clear
0x100008E43	0x000000B3	[ 13] _parser_alloc
0x100008EF6	0x000000A8	[ 14] _scope_new
0x100008F9E	0x00000020	[ 14] _scope_free
0x100008FBE	0x00000099	[ 14] _scope_find_or_add_id
0x100009057	0x00000024	[ 14] _scope_find
0x10000907B	0x00000030	[ 14] _scope_find_global
0x1000090AB	0x000000B0	[ 14] _scope_check_to_close_over
0x10000915C	0x000005E1	[ 15] _mp_compile_to_raw_code
0x10000973D	0x00000054	[ 15] _scope_new_and_link
0x100009791	0x00000495	[ 15] _compile_scope_inline_asm
0x100009C26	0x00000538	[ 15] _compile_scope
0x10000A160	0x00000044	[ 15] _compile_syntax_error
0x10000A1A4	0x000001AD	[ 15] _compile_node
0x10000A351	0x00000084	[ 15] _apply_to_single_or_list
0x10000A3D5	0x00000076	[ 15] _compile_viper_type_annotation
0x10000A44B	0x00000038	[ 15] _compile_load_id
0x10000A483	0x00000166	[ 15] _compile_scope_comp_iter
0x10000A5E9	0x00000033	[ 15] _compile_store_id
0x10000A61C	0x00000069	[ 15] _compile_generic_all_nodes
0x10000A685	0x000002CF	[ 15] _compile_decorated
0x10000A954	0x00000027	[ 15] _compile_funcdef
0x10000A97B	0x00000377	[ 15] _compile_expr_stmt
0x10000ACF2	0x00000071	[ 15] _compile_generic_tuple
0x10000AD63	0x0000001A	[ 15] _compile_del_stmt
0x10000AD7D	0x00000063	[ 15] _compile_break_cont_stmt
0x10000ADE0	0x000000CE	[ 15] _compile_return_stmt
0x10000AEAE	0x00000026	[ 15] _compile_yield_stmt
0x10000AED4	0x0000006B	[ 15] _compile_raise_stmt
0x10000AF3F	0x0000001A	[ 15] _compile_import_name
0x10000AF59	0x00000274	[ 15] _compile_import_from
0x10000B1CD	0x00000129	[ 15] _compile_global_nonlocal_stmt
0x10000B2F6	0x000000B3	[ 15] _compile_assert_stmt
0x10000B3A9	0x00000369	[ 15] _compile_async_stmt
0x10000B712	0x000001AF	[ 15] _compile_if_stmt
0x10000B8C1	0x0000010F	[ 15] _compile_while_stmt
0x10000B9D0	0x0000028C	[ 15] _compile_for_stmt
0x10000BC5C	0x000000DF	[ 15] _compile_try_stmt
0x10000BD3B	0x0000004B	[ 15] _compile_with_stmt
0x10000BD86	0x00000015	[ 15] _compile_namedexpr
0x10000BD9B	0x000000D6	[ 15] _compile_test_if_expr
0x10000BE71	0x0000004D	[ 15] _compile_lambdef
0x10000BEBE	0x000000A4	[ 15] _compile_or_and_test
0x10000BF62	0x0000002E	[ 15] _compile_not_test_2
0x10000BF90	0x000001DD	[ 15] _compile_comparison
0x10000C16D	0x00000011	[ 15] _compile_star_expr
0x10000C17E	0x00000070	[ 15] _compile_binary_op
0x10000C1EE	0x0000006A	[ 15] _compile_term
0x10000C258	0x00000056	[ 15] _compile_factor_2
0x10000C2AE	0x0000002A	[ 15] _compile_power
0x10000C2D8	0x00000044	[ 15] _compile_atom_expr_await
0x10000C31C	0x000001DC	[ 15] _compile_atom_expr_normal
0x10000C4F8	0x00000070	[ 15] _compile_atom_paren
0x10000C568	0x000000B8	[ 15] _compile_atom_bracket
0x10000C620	0x0000026F	[ 15] _compile_atom_brace
0x10000C88F	0x00000012	[ 15] _compile_trailer_paren
0x10000C8A1	0x0000002B	[ 15] _compile_trailer_bracket
0x10000C8CC	0x00000023	[ 15] _compile_trailer_period
0x10000C8EF	0x00000125	[ 15] _compile_subscript
0x10000CA14	0x00000026	[ 15] _compile_dictorsetmaker_item
0x10000CA3A	0x00000027	[ 15] _compile_classdef
0x10000CA61	0x0000009C	[ 15] _compile_yield_expr
0x10000CAFD	0x0000001D	[ 15] _compile_const_object
0x10000CB1A	0x00000058	[ 15] _compile_funcdef_helper
0x10000CB72	0x0000009C	[ 15] _compile_classdef_helper
0x10000CC0E	0x000000B1	[ 15] _compile_funcdef_lambdef
0x10000CCBF	0x00000175	[ 15] _compile_funcdef_lambdef_param
0x10000CE34	0x0000014D	[ 15] _close_over_variables_etc
0x10000CF81	0x00000296	[ 15] _compile_trailer_paren_helper
0x10000D217	0x0000007E	[ 15] _compile_namedexpr_helper
0x10000D295	0x000000D6	[ 15] _compile_comprehension
0x10000D36B	0x0000035A	[ 15] _c_assign
0x10000D6C5	0x00000100	[ 15] _c_assign_tuple
0x10000D7C5	0x00000233	[ 15] _c_del_stmt
0x10000D9F8	0x00000033	[ 15] _compile_delete_id
0x10000DA2B	0x000001EE	[ 15] _c_if_cond
0x10000DC19	0x00000057	[ 15] _compile_dotted_as_name
0x10000DC70	0x0000023D	[ 15] _do_import_name
0x10000DEAD	0x00000042	[ 15] _compile_decrease_except_level
0x10000DEEF	0x00000052	[ 15] _compile_yield_from
0x10000DF41	0x0000040C	[ 15] _compile_async_with_stmt_helper
0x10000E34D	0x00000288	[ 15] _compile_for_stmt_optimised_range
0x10000E5D5	0x000000FF	[ 15] _compile_try_finally
0x10000E6D4	0x00000302	[ 15] _compile_try_except
0x10000E9D6	0x0000013A	[ 15] _compile_with_stmt_helper
0x10000EB10	0x000001A3	[ 15] _compile_scope_func_lambda_param
0x10000ECB4	0x00000027	[ 16] _mp_emit_common_get_id_for_modification
0x10000ECDB	0x000000C9	[ 16] _mp_emit_common_id_op
0x10000EDA4	0x0000000F	[ 17] _emit_bc_new
0x10000EDB3	0x00000025	[ 17] _emit_bc_set_max_num_labels
0x10000EDD8	0x00000020	[ 17] _emit_bc_free
0x10000EDF8	0x000002AE	[ 17] _mp_emit_bc_start_pass
0x10000F0A6	0x00000169	[ 17] _mp_emit_bc_end_pass
0x10000F20F	0x00000012	[ 17] _mp_emit_bc_last_emit_was_return_value
0x10000F221	0x0000003B	[ 17] _mp_emit_bc_adjust_stack_size
0x10000F25C	0x00000117	[ 17] _mp_emit_bc_set_source_line
0x10000F373	0x00000062	[ 17] _mp_emit_bc_label_assign
0x10000F3D5	0x00000054	[ 17] _mp_emit_bc_import
0x10000F429	0x0000004C	[ 17] _emit_write_bytecode_byte_qstr
0x10000F475	0x00000048	[ 17] _mp_emit_bc_load_const_tok
0x10000F4BD	0x0000003F	[ 17] _emit_write_bytecode_byte_obj
0x10000F4FC	0x00000108	[ 17] _mp_emit_bc_load_const_small_int
0x10000F604	0x00000017	[ 17] _mp_emit_bc_load_const_str
0x10000F61B	0x0000000A	[ 17] _mp_emit_bc_load_const_obj
0x10000F625	0x0000002A	[ 17] _mp_emit_bc_load_null
0x10000F64F	0x00000055	[ 17] _mp_emit_bc_load_local
0x10000F6A4	0x000000B8	[ 17] _emit_write_bytecode_byte_uint
0x10000F75C	0x00000018	[ 17] _mp_emit_bc_load_global
0x10000F774	0x0000001C	[ 17] _mp_emit_bc_load_method
0x10000F790	0x0000002A	[ 17] _mp_emit_bc_load_build_class
0x10000F7BA	0x0000007D	[ 17] _mp_emit_bc_subscr
0x10000F837	0x00000027	[ 17] _mp_emit_bc_rot_three
0x10000F85E	0x00000072	[ 17] _mp_emit_bc_attr
0x10000F8D0	0x00000027	[ 17] _mp_emit_bc_rot_two
0x10000F8F7	0x00000057	[ 17] _mp_emit_bc_store_local
0x10000F94E	0x00000018	[ 17] _mp_emit_bc_store_global
0x10000F966	0x00000018	[ 17] _mp_emit_bc_delete_local
0x10000F97E	0x00000015	[ 17] _mp_emit_bc_delete_global
0x10000F993	0x0000002A	[ 17] _mp_emit_bc_dup_top
0x10000F9BD	0x0000002A	[ 17] _mp_emit_bc_dup_top_two
0x10000F9E7	0x0000002C	[ 17] _mp_emit_bc_pop_top
0x10000FA13	0x00000014	[ 17] _mp_emit_bc_jump
0x10000FA27	0x0000005B	[ 17] _emit_write_bytecode_byte_signed_label
0x10000FA82	0x00000019	[ 17] _mp_emit_bc_pop_jump_if
0x10000FA9B	0x00000019	[ 17] _mp_emit_bc_jump_if_or_pop
0x10000FAB4	0x000000AB	[ 17] _mp_emit_bc_unwind_jump
0x10000FB5F	0x0000001D	[ 17] _mp_emit_bc_setup_block
0x10000FB7C	0x00000058	[ 17] _emit_write_bytecode_byte_unsigned_label
0x10000FBD4	0x00000062	[ 17] _mp_emit_bc_with_cleanup
0x10000FC36	0x0000002C	[ 17] _mp_emit_bc_end_finally
0x10000FC62	0x0000002E	[ 17] _mp_emit_bc_get_iter
0x10000FC90	0x00000017	[ 17] _mp_emit_bc_for_iter
0x10000FCA7	0x00000011	[ 17] _mp_emit_bc_for_iter_end
0x10000FCB8	0x00000014	[ 17] _mp_emit_bc_pop_except_jump
0x10000FCCC	0x0000002A	[ 17] _mp_emit_bc_unary_op
0x10000FCF6	0x00000070	[ 17] _mp_emit_bc_binary_op
0x10000FD66	0x00000025	[ 17] _mp_emit_bc_build
0x10000FD8B	0x0000002C	[ 17] _mp_emit_bc_store_map
0x10000FDB7	0x0000003D	[ 17] _mp_emit_bc_store_comp
0x10000FDF4	0x00000014	[ 17] _mp_emit_bc_unpack_sequence
0x10000FE08	0x0000001E	[ 17] _mp_emit_bc_unpack_ex
0x10000FE26	0x0000002D	[ 17] _mp_emit_bc_make_function
0x10000FE53	0x00000047	[ 17] _emit_write_bytecode_byte_raw_code
0x10000FE9A	0x00000064	[ 17] _mp_emit_bc_make_closure
0x10000FEFE	0x0000001A	[ 17] _mp_emit_bc_call_function
0x10000FF18	0x00000039	[ 17] _emit_bc_call_function_method_helper
0x10000FF51	0x0000001D	[ 17] _mp_emit_bc_call_method
0x10000FF6E	0x00000030	[ 17] _mp_emit_bc_return_value
0x10000FF9E	0x00000040	[ 17] _mp_emit_bc_raise_varargs
0x10000FFDE	0x00000038	[ 17] _mp_emit_bc_yield
0x100010016	0x0000000F	[ 17] _mp_emit_bc_start_except_handler
0x100010025	0x00000011	[ 17] _mp_emit_bc_end_except_handler
0x100010036	0x0000003A	[ 17] _emit_get_cur_to_write_code_info
0x100010070	0x00000043	[ 17] _emit_get_cur_to_write_bytecode
0x1000100B3	0x00000025	[ 18] _mp_asm_base_init
0x1000100D8	0x00000025	[ 18] _mp_asm_base_deinit
0x1000100FD	0x0000005B	[ 18] _mp_asm_base_start_pass
0x100010158	0x0000002D	[ 18] _mp_asm_base_get_cur_to_write_bytes
0x100010185	0x00000044	[ 18] _mp_asm_base_label_assign
0x1000101C9	0x00000015	[ 18] _mp_asm_base_align
0x1000101DE	0x00000041	[ 18] _mp_asm_base_data
0x10001021F	0x0000000F	[ 19] _asm_x64_mov_r64_r64
0x10001022E	0x00000054	[ 19] _asm_x64_generic_r64_r64
0x100010282	0x0000007C	[ 19] _asm_x64_mov_r8_to_mem8
0x1000102FE	0x000000D8	[ 19] _asm_x64_write_r64_disp
0x1000103D6	0x00000087	[ 19] _asm_x64_mov_r16_to_mem16
0x10001045D	0x0000007C	[ 19] _asm_x64_mov_r32_to_mem32
0x1000104D9	0x0000005B	[ 19] _asm_x64_mov_r64_to_mem64
0x100010534	0x00000087	[ 19] _asm_x64_mov_mem8_to_r64zx
0x1000105BB	0x00000087	[ 19] _asm_x64_mov_mem16_to_r64zx
0x100010642	0x0000007C	[ 19] _asm_x64_mov_mem32_to_r64zx
0x1000106BE	0x0000005B	[ 19] _asm_x64_mov_mem64_to_r64
0x100010719	0x00000075	[ 19] _asm_x64_mov_i32_to_r64
0x10001078E	0x0000005A	[ 19] _asm_x64_mov_i64_to_r64
0x1000107E8	0x00000019	[ 19] _asm_x64_mov_i64_to_r64_optimised
0x100010801	0x0000000F	[ 19] _asm_x64_and_r64_r64
0x100010810	0x0000000F	[ 19] _asm_x64_or_r64_r64
0x10001081F	0x0000000F	[ 19] _asm_x64_xor_r64_r64
0x10001082E	0x00000038	[ 19] _asm_x64_shl_r64_cl
0x100010866	0x00000038	[ 19] _asm_x64_shr_r64_cl
0x10001089E	0x00000035	[ 19] _asm_x64_sar_r64_cl
0x1000108D3	0x0000000F	[ 19] _asm_x64_add_r64_r64
0x1000108E2	0x0000000F	[ 19] _asm_x64_sub_r64_r64
0x1000108F1	0x0000006A	[ 19] _asm_x64_mul_r64_r64
0x10001095B	0x00000015	[ 19] _asm_x64_cmp_r64_with_r64
0x100010970	0x00000048	[ 19] _asm_x64_test_r8_with_r8
0x1000109B8	0x00000015	[ 19] _asm_x64_test_r64_with_r64
0x1000109CD	0x00000040	[ 19] _asm_x64_setcc_r8
0x100010A0D	0x00000036	[ 19] _asm_x64_jmp_reg
0x100010A43	0x0000009D	[ 19] _asm_x64_jmp_label
0x100010AE0	0x000000AB	[ 19] _asm_x64_jcc_label
0x100010B8B	0x0000008A	[ 19] _asm_x64_entry
0x100010C15	0x00000076	[ 19] _asm_x64_sub_r64_i32
0x100010C8B	0x0000008A	[ 19] _asm_x64_exit
0x100010D15	0x00000018	[ 19] _asm_x64_mov_local_to_r64
0x100010D2D	0x00000016	[ 19] _asm_x64_mov_r64_to_local
0x100010D43	0x00000095	[ 19] _asm_x64_mov_local_addr_to_r64
0x100010DD8	0x00000079	[ 19] _asm_x64_mov_reg_pcrel
0x100010E51	0x0000004D	[ 19] _asm_x64_call_ind
0x100010EA0	0x0000007A	[ 20] _emit_native_x64_new
0x100010F1A	0x0000004C	[ 20] _emit_native_x64_free
0x100010F66	0x00000893	[ 20] _emit_native_start_pass
0x1000117F9	0x0000048E	[ 20] _emit_native_end_pass
0x100011C87	0x0000000C	[ 20] _emit_native_last_emit_was_return_value
0x100011C93	0x00000060	[ 20] _emit_native_adjust_stack_size
0x100011CF3	0x00000006	[ 20] _emit_native_set_source_line
0x100011CF9	0x0000009A	[ 20] _emit_native_load_local
0x100011D93	0x00000074	[ 20] _emit_native_load_global
0x100011E07	0x000000D2	[ 20] _emit_native_store_local
0x100011ED9	0x00000130	[ 20] _emit_native_store_global
0x100012009	0x00000043	[ 20] _emit_native_delete_local
0x10001204C	0x0000001F	[ 20] _emit_native_delete_global
0x10001206B	0x000000CE	[ 20] _emit_native_label_assign
0x100012139	0x00000138	[ 20] _emit_native_import
0x100012271	0x0000003E	[ 20] _emit_native_load_const_tok
0x1000122AF	0x00000019	[ 20] _emit_native_load_const_small_int
0x1000122C8	0x00000072	[ 20] _emit_native_load_const_str
0x10001233A	0x00000054	[ 20] _emit_native_load_const_obj
0x10001238E	0x00000015	[ 20] _emit_native_load_null
0x1000123A3	0x000000C0	[ 20] _emit_native_load_method
0x100012463	0x0000003A	[ 20] _emit_native_load_build_class
0x10001249D	0x00000AA7	[ 20] _emit_native_subscr
0x100012F44	0x0000012D	[ 20] _emit_native_attr
0x100013071	0x00000063	[ 20] _emit_native_dup_top
0x1000130D4	0x00000072	[ 20] _emit_native_dup_top_two
0x100013146	0x00000018	[ 20] _emit_native_pop_top
0x10001315E	0x00000052	[ 20] _emit_native_rot_two
0x1000131B0	0x0000007B	[ 20] _emit_native_rot_three
0x10001322B	0x0000002C	[ 20] _emit_native_jump
0x100013257	0x0000000F	[ 20] _emit_native_pop_jump_if
0x100013266	0x0000000C	[ 20] _emit_native_jump_if_or_pop
0x100013272	0x00000142	[ 20] _emit_native_unwind_jump
0x1000133B4	0x000001D7	[ 20] _emit_native_setup_block
0x10001358B	0x00000234	[ 20] _emit_native_with_cleanup
0x1000137BF	0x00000129	[ 20] _emit_native_end_finally
0x1000138E8	0x000000D6	[ 20] _emit_native_get_iter
0x1000139BE	0x0000007F	[ 20] _emit_native_for_iter
0x100013A3D	0x00000018	[ 20] _emit_native_for_iter_end
0x100013A55	0x00000062	[ 20] _emit_native_pop_except_jump
0x100013AB7	0x000000AE	[ 20] _emit_native_unary_op
0x100013B65	0x0000046F	[ 20] _emit_native_binary_op
0x100013FD4	0x00000149	[ 20] _emit_native_build
0x10001411D	0x00000091	[ 20] _emit_native_store_map
0x1000141AE	0x00000146	[ 20] _emit_native_store_comp
0x1000142F4	0x00000081	[ 20] _emit_native_unpack_sequence
0x100014375	0x00000099	[ 20] _emit_native_unpack_ex
0x10001440E	0x000000EC	[ 20] _emit_native_make_function
0x1000144FA	0x000000B3	[ 20] _emit_native_make_closure
0x1000145AD	0x00000203	[ 20] _emit_native_call_function
0x1000147B0	0x00000089	[ 20] _emit_native_call_method
0x100014839	0x000001FB	[ 20] _emit_native_return_value
0x100014A34	0x00000092	[ 20] _emit_native_raise_varargs
0x100014AC6	0x0000028D	[ 20] _emit_native_yield
0x100014D53	0x00000038	[ 20] _emit_native_start_except_handler
0x100014D8B	0x00000011	[ 20] _emit_native_end_except_handler
0x100014D9C	0x00000047	[ 20] _emit_call_with_imm_arg
0x100014DE3	0x00000034	[ 20] _emit_native_mov_state_reg
0x100014E17	0x000003A7	[ 20] _emit_native_global_exc_entry
0x1000151BE	0x0000005F	[ 20] _need_reg_all
0x10001521D	0x00000032	[ 20] _emit_native_mov_reg_state
0x10001524F	0x0000003C	[ 20] _ensure_extra_stack
0x10001528B	0x0000003F	[ 20] _adjust_stack
0x1000152CA	0x000000AB	[ 20] _emit_native_load_fast
0x100015375	0x00000051	[ 20] _emit_post_push_reg
0x1000153C6	0x0000007C	[ 20] _need_reg_single
0x100015442	0x0000007E	[ 20] _emit_pre_pop_reg_flexible
0x1000154C0	0x000000A6	[ 20] _emit_access_stack
0x100015566	0x000000BD	[ 20] _load_reg_stack_imm
0x100015623	0x00000051	[ 20] _emit_post_push_imm
0x100015674	0x00000076	[ 20] _emit_call_with_qstr_arg
0x1000156EA	0x00000114	[ 20] _emit_native_store_fast
0x1000157FE	0x0000007D	[ 20] _need_stack_settled
0x10001587B	0x0000008A	[ 20] _emit_native_leave_exc_stack
0x100015905	0x0000006D	[ 20] _emit_pre_pop_reg_reg
0x100015972	0x00000087	[ 20] _emit_load_reg_with_ptr
0x1000159F9	0x00000163	[ 20] _emit_get_stack_pointer_to_reg_for_pop
0x100015B5C	0x0000007D	[ 20] _emit_get_stack_pointer_to_reg_for_push
0x100015BD9	0x00000055	[ 20] _emit_native_mov_reg_state_addr
0x100015C2E	0x000000A8	[ 20] _emit_pre_pop_reg_reg_reg
0x100015CD6	0x000001AB	[ 20] _emit_native_jump_helper
0x100015E81	0x0000009A	[ 20] _emit_native_push_exc_stack
0x100015F1B	0x0000005D	[ 20] _emit_call_with_2_imm_args
0x100015F78	0x0000006D	[ 20] _emit_fold_stack_top
0x100015FE5	0x0000002F	[ 21] _asm_x86_mov_r32_r32
0x100016014	0x00000042	[ 21] _asm_x86_mov_r8_to_mem8
0x100016056	0x000000D4	[ 21] _asm_x86_write_r32_disp
0x10001612A	0x00000044	[ 21] _asm_x86_mov_r16_to_mem16
0x10001616E	0x00000042	[ 21] _asm_x86_mov_r32_to_mem32
0x1000161B0	0x00000044	[ 21] _asm_x86_mov_mem8_to_r32zx
0x1000161F4	0x00000044	[ 21] _asm_x86_mov_mem16_to_r32zx
0x100016238	0x00000042	[ 21] _asm_x86_mov_mem32_to_r32
0x10001627A	0x00000050	[ 21] _asm_x86_mov_i32_to_r32
0x1000162CA	0x0000002F	[ 21] _asm_x86_and_r32_r32
0x1000162F9	0x0000002F	[ 21] _asm_x86_or_r32_r32
0x100016328	0x0000002F	[ 21] _asm_x86_xor_r32_r32
0x100016357	0x00000027	[ 21] _asm_x86_shl_r32_cl
0x10001637E	0x00000027	[ 21] _asm_x86_shr_r32_cl
0x1000163A5	0x00000027	[ 21] _asm_x86_sar_r32_cl
0x1000163CC	0x0000002F	[ 21] _asm_x86_add_r32_r32
0x1000163FB	0x0000002F	[ 21] _asm_x86_sub_r32_r32
0x10001642A	0x00000031	[ 21] _asm_x86_mul_r32_r32
0x10001645B	0x0000002F	[ 21] _asm_x86_cmp_r32_with_r32
0x10001648A	0x0000002F	[ 21] _asm_x86_test_r8_with_r8
0x1000164B9	0x0000002F	[ 21] _asm_x86_test_r32_with_r32
0x1000164E8	0x00000032	[ 21] _asm_x86_setcc_r8
0x10001651A	0x00000027	[ 21] _asm_x86_jmp_reg
0x100016541	0x0000009D	[ 21] _asm_x86_jmp_label
0x1000165DE	0x000000AB	[ 21] _asm_x86_jcc_label
0x100016689	0x00000086	[ 21] _asm_x86_entry
0x10001670F	0x0000006E	[ 21] _asm_x86_sub_r32_i32
0x10001677D	0x00000086	[ 21] _asm_x86_exit
0x100016803	0x0000001B	[ 21] _asm_x86_mov_arg_to_r32
0x10001681E	0x00000018	[ 21] _asm_x86_mov_local_to_r32
0x100016836	0x00000016	[ 21] _asm_x86_mov_r32_to_local
0x10001684C	0x00000072	[ 21] _asm_x86_mov_local_addr_to_r32
0x1000168BE	0x000000AD	[ 21] _asm_x86_mov_reg_pcrel
0x10001696B	0x00000165	[ 21] _asm_x86_call_ind
0x100016AD0	0x0000007A	[ 22] _emit_native_x86_new
0x100016B4A	0x0000004C	[ 22] _emit_native_x86_free
0x100016B96	0x000008E8	[ 22] _emit_native_start_pass
0x10001747E	0x0000048C	[ 22] _emit_native_end_pass
0x10001790A	0x0000000C	[ 22] _emit_native_last_emit_was_return_value
0x100017916	0x00000060	[ 22] _emit_native_adjust_stack_size
0x100017976	0x00000006	[ 22] _emit_native_set_source_line
0x10001797C	0x0000009A	[ 22] _emit_native_load_local
0x100017A16	0x00000071	[ 22] _emit_native_load_global
0x100017A87	0x000000D2	[ 22] _emit_native_store_local
0x100017B59	0x0000012A	[ 22] _emit_native_store_global
0x100017C83	0x00000043	[ 22] _emit_native_delete_local
0x100017CC6	0x0000001C	[ 22] _emit_native_delete_global
0x100017CE2	0x000000CE	[ 22] _emit_native_label_assign
0x100017DB0	0x00000134	[ 22] _emit_native_import
0x100017EE4	0x0000003E	[ 22] _emit_native_load_const_tok
0x100017F22	0x00000019	[ 22] _emit_native_load_const_small_int
0x100017F3B	0x00000072	[ 22] _emit_native_load_const_str
0x100017FAD	0x00000052	[ 22] _emit_native_load_const_obj
0x100017FFF	0x00000015	[ 22] _emit_native_load_null
0x100018014	0x000000BA	[ 22] _emit_native_load_method
0x1000180CE	0x0000003C	[ 22] _emit_native_load_build_class
0x10001810A	0x00000A52	[ 22] _emit_native_subscr
0x100018B5C	0x00000124	[ 22] _emit_native_attr
0x100018C80	0x00000063	[ 22] _emit_native_dup_top
0x100018CE3	0x00000072	[ 22] _emit_native_dup_top_two
0x100018D55	0x00000018	[ 22] _emit_native_pop_top
0x100018D6D	0x00000052	[ 22] _emit_native_rot_two
0x100018DBF	0x0000007B	[ 22] _emit_native_rot_three
0x100018E3A	0x0000002C	[ 22] _emit_native_jump
0x100018E66	0x0000000F	[ 22] _emit_native_pop_jump_if
0x100018E75	0x0000000C	[ 22] _emit_native_jump_if_or_pop
0x100018E81	0x00000142	[ 22] _emit_native_unwind_jump
0x100018FC3	0x000001D1	[ 22] _emit_native_setup_block
0x100019194	0x00000217	[ 22] _emit_native_with_cleanup
0x1000193AB	0x0000012B	[ 22] _emit_native_end_finally
0x1000194D6	0x000000DD	[ 22] _emit_native_get_iter
0x1000195B3	0x00000081	[ 22] _emit_native_for_iter
0x100019634	0x00000018	[ 22] _emit_native_for_iter_end
0x10001964C	0x00000062	[ 22] _emit_native_pop_except_jump
0x1000196AE	0x000000AB	[ 22] _emit_native_unary_op
0x100019759	0x0000046B	[ 22] _emit_native_binary_op
0x100019BC4	0x00000144	[ 22] _emit_native_build
0x100019D08	0x00000096	[ 22] _emit_native_store_map
0x100019D9E	0x0000014F	[ 22] _emit_native_store_comp
0x100019EED	0x0000007E	[ 22] _emit_native_unpack_sequence
0x100019F6B	0x00000096	[ 22] _emit_native_unpack_ex
0x10001A001	0x000000ED	[ 22] _emit_native_make_function
0x10001A0EE	0x000000B4	[ 22] _emit_native_make_closure
0x10001A1A2	0x000001FD	[ 22] _emit_native_call_function
0x10001A39F	0x00000089	[ 22] _emit_native_call_method
0x10001A428	0x000001EB	[ 22] _emit_native_return_value
0x10001A613	0x00000094	[ 22] _emit_native_raise_varargs
0x10001A6A7	0x00000291	[ 22] _emit_native_yield
0x10001A938	0x00000038	[ 22] _emit_native_start_except_handler
0x10001A970	0x00000011	[ 22] _emit_native_end_except_handler
0x10001A981	0x00000052	[ 22] _emit_call_with_imm_arg
0x10001A9D3	0x00000034	[ 22] _emit_native_mov_state_reg
0x10001AA07	0x000003AC	[ 22] _emit_native_global_exc_entry
0x10001ADB3	0x0000005F	[ 22] _need_reg_all
0x10001AE12	0x00000032	[ 22] _emit_native_mov_reg_state
0x10001AE44	0x0000003C	[ 22] _ensure_extra_stack
0x10001AE80	0x0000003F	[ 22] _adjust_stack
0x10001AEBF	0x000000AB	[ 22] _emit_native_load_fast
0x10001AF6A	0x00000051	[ 22] _emit_post_push_reg
0x10001AFBB	0x0000007C	[ 22] _need_reg_single
0x10001B037	0x0000007E	[ 22] _emit_pre_pop_reg_flexible
0x10001B0B5	0x000000A6	[ 22] _emit_access_stack
0x10001B15B	0x000000B8	[ 22] _load_reg_stack_imm
0x10001B213	0x00000051	[ 22] _emit_post_push_imm
0x10001B264	0x00000081	[ 22] _emit_call_with_qstr_arg
0x10001B2E5	0x00000114	[ 22] _emit_native_store_fast
0x10001B3F9	0x0000007D	[ 22] _need_stack_settled
0x10001B476	0x0000008A	[ 22] _emit_native_leave_exc_stack
0x10001B500	0x0000006D	[ 22] _emit_pre_pop_reg_reg
0x10001B56D	0x0000007A	[ 22] _emit_load_reg_with_ptr
0x10001B5E7	0x00000160	[ 22] _emit_get_stack_pointer_to_reg_for_pop
0x10001B747	0x0000007D	[ 22] _emit_get_stack_pointer_to_reg_for_push
0x10001B7C4	0x00000054	[ 22] _emit_native_mov_reg_state_addr
0x10001B818	0x000000A8	[ 22] _emit_pre_pop_reg_reg_reg
0x10001B8C0	0x000001AD	[ 22] _emit_native_jump_helper
0x10001BA6D	0x0000009A	[ 22] _emit_native_push_exc_stack
0x10001BB07	0x00000065	[ 22] _emit_call_with_2_imm_args
0x10001BB6C	0x0000006A	[ 22] _emit_fold_stack_top
0x10001BBD6	0x00000149	[ 23] _asm_thumb_entry
0x10001BD1F	0x0000002E	[ 23] _asm_thumb_op32
0x10001BD4D	0x00000021	[ 23] _asm_thumb_op16
0x10001BD6E	0x00000088	[ 23] _asm_thumb_exit
0x10001BDF6	0x00000051	[ 23] _asm_thumb_format_4
0x10001BE47	0x00000056	[ 23] _asm_thumb_mov_reg_reg
0x10001BE9D	0x00000077	[ 23] _asm_thumb_mov_reg_i16
0x10001BF14	0x00000078	[ 23] _asm_thumb_b_n_label
0x10001BF8C	0x000000EF	[ 23] _asm_thumb_bcc_nw_label
0x10001C07B	0x0000008F	[ 23] _asm_thumb_bl_label
0x10001C10A	0x00000049	[ 23] _asm_thumb_mov_reg_i32
0x10001C153	0x00000094	[ 23] _asm_thumb_mov_reg_i32_optimised
0x10001C1E7	0x0000004C	[ 23] _asm_thumb_mov_local_reg
0x10001C233	0x0000002A	[ 23] _asm_thumb_mov_local_check
0x10001C25D	0x0000004E	[ 23] _asm_thumb_mov_reg_local
0x10001C2AB	0x00000045	[ 23] _asm_thumb_mov_reg_local_addr
0x10001C2F0	0x00000068	[ 23] _asm_thumb_mov_reg_pcrel
0x10001C358	0x0000008A	[ 23] _asm_thumb_ldr_reg_reg_i12_optimised
0x10001C3E2	0x000000BC	[ 23] _asm_thumb_b_label
0x10001C49E	0x000000D1	[ 23] _asm_thumb_bcc_label
0x10001C56F	0x0000003D	[ 23] _asm_thumb_bl_ind
0x10001C5AC	0x0000007A	[ 24] _emit_native_thumb_new
0x10001C626	0x0000004C	[ 24] _emit_native_thumb_free
0x10001C672	0x0000085E	[ 24] _emit_native_start_pass
0x10001CED0	0x00000489	[ 24] _emit_native_end_pass
0x10001D359	0x0000000C	[ 24] _emit_native_last_emit_was_return_value
0x10001D365	0x00000060	[ 24] _emit_native_adjust_stack_size
0x10001D3C5	0x00000006	[ 24] _emit_native_set_source_line
0x10001D3CB	0x0000009A	[ 24] _emit_native_load_local
0x10001D465	0x00000071	[ 24] _emit_native_load_global
0x10001D4D6	0x000000DA	[ 24] _emit_native_store_local
0x10001D5B0	0x0000012A	[ 24] _emit_native_store_global
0x10001D6DA	0x00000043	[ 24] _emit_native_delete_local
0x10001D71D	0x0000001C	[ 24] _emit_native_delete_global
0x10001D739	0x000000CE	[ 24] _emit_native_label_assign
0x10001D807	0x00000132	[ 24] _emit_native_import
0x10001D939	0x0000003E	[ 24] _emit_native_load_const_tok
0x10001D977	0x00000019	[ 24] _emit_native_load_const_small_int
0x10001D990	0x00000072	[ 24] _emit_native_load_const_str
0x10001DA02	0x00000052	[ 24] _emit_native_load_const_obj
0x10001DA54	0x00000015	[ 24] _emit_native_load_null
0x10001DA69	0x000000BA	[ 24] _emit_native_load_method
0x10001DB23	0x0000003D	[ 24] _emit_native_load_build_class
0x10001DB60	0x00000B44	[ 24] _emit_native_subscr
0x10001E6A4	0x0000012D	[ 24] _emit_native_attr
0x10001E7D1	0x00000063	[ 24] _emit_native_dup_top
0x10001E834	0x00000072	[ 24] _emit_native_dup_top_two
0x10001E8A6	0x00000018	[ 24] _emit_native_pop_top
0x10001E8BE	0x00000052	[ 24] _emit_native_rot_two
0x10001E910	0x0000007B	[ 24] _emit_native_rot_three
0x10001E98B	0x0000002C	[ 24] _emit_native_jump
0x10001E9B7	0x0000000F	[ 24] _emit_native_pop_jump_if
0x10001E9C6	0x0000000C	[ 24] _emit_native_jump_if_or_pop
0x10001E9D2	0x00000146	[ 24] _emit_native_unwind_jump
0x10001EB18	0x000001D1	[ 24] _emit_native_setup_block
0x10001ECE9	0x00000211	[ 24] _emit_native_with_cleanup
0x10001EEFA	0x0000012B	[ 24] _emit_native_end_finally
0x10001F025	0x000000D9	[ 24] _emit_native_get_iter
0x10001F0FE	0x0000007D	[ 24] _emit_native_for_iter
0x10001F17B	0x00000018	[ 24] _emit_native_for_iter_end
0x10001F193	0x00000062	[ 24] _emit_native_pop_except_jump
0x10001F1F5	0x000000AB	[ 24] _emit_native_unary_op
0x10001F2A0	0x0000045C	[ 24] _emit_native_binary_op
0x10001F6FC	0x00000142	[ 24] _emit_native_build
0x10001F83E	0x00000094	[ 24] _emit_native_store_map
0x10001F8D2	0x00000146	[ 24] _emit_native_store_comp
0x10001FA18	0x0000007E	[ 24] _emit_native_unpack_sequence
0x10001FA96	0x00000096	[ 24] _emit_native_unpack_ex
0x10001FB2C	0x000000EB	[ 24] _emit_native_make_function
0x10001FC17	0x000000B2	[ 24] _emit_native_make_closure
0x10001FCC9	0x000001FD	[ 24] _emit_native_call_function
0x10001FEC6	0x00000089	[ 24] _emit_native_call_method
0x10001FF4F	0x000001E9	[ 24] _emit_native_return_value
0x100020138	0x00000092	[ 24] _emit_native_raise_varargs
0x1000201CA	0x0000028E	[ 24] _emit_native_yield
0x100020458	0x00000038	[ 24] _emit_native_start_except_handler
0x100020490	0x00000011	[ 24] _emit_native_end_except_handler
0x1000204A1	0x0000004A	[ 24] _emit_call_with_imm_arg
0x1000204EB	0x00000032	[ 24] _emit_native_mov_state_reg
0x10002051D	0x0000039E	[ 24] _emit_native_global_exc_entry
0x1000208BB	0x0000005F	[ 24] _need_reg_all
0x10002091A	0x0000002D	[ 24] _emit_native_mov_reg_state
0x100020947	0x0000003C	[ 24] _ensure_extra_stack
0x100020983	0x0000003F	[ 24] _adjust_stack
0x1000209C2	0x000000AB	[ 24] _emit_native_load_fast
0x100020A6D	0x00000051	[ 24] _emit_post_push_reg
0x100020ABE	0x0000007C	[ 24] _need_reg_single
0x100020B3A	0x0000007E	[ 24] _emit_pre_pop_reg_flexible
0x100020BB8	0x000000A6	[ 24] _emit_access_stack
0x100020C5E	0x000000A9	[ 24] _load_reg_stack_imm
0x100020D07	0x00000051	[ 24] _emit_post_push_imm
0x100020D58	0x0000007E	[ 24] _emit_call_with_qstr_arg
0x100020DD6	0x00000114	[ 24] _emit_native_store_fast
0x100020EEA	0x0000007D	[ 24] _need_stack_settled
0x100020F67	0x0000008F	[ 24] _emit_native_leave_exc_stack
0x100020FF6	0x0000006D	[ 24] _emit_pre_pop_reg_reg
0x100021063	0x00000076	[ 24] _emit_load_reg_with_ptr
0x1000210D9	0x00000160	[ 24] _emit_get_stack_pointer_to_reg_for_pop
0x100021239	0x0000007D	[ 24] _emit_get_stack_pointer_to_reg_for_push
0x1000212B6	0x00000059	[ 24] _emit_native_mov_reg_state_addr
0x10002130F	0x000000A8	[ 24] _emit_pre_pop_reg_reg_reg
0x1000213B7	0x000001A7	[ 24] _emit_native_jump_helper
0x10002155E	0x0000009B	[ 24] _emit_native_push_exc_stack
0x1000215F9	0x0000005D	[ 24] _emit_call_with_2_imm_args
0x100021656	0x0000006A	[ 24] _emit_fold_stack_top
0x1000216C0	0x00000054	[ 25] _emit_inline_thumb_new
0x100021714	0x0000002A	[ 25] _emit_inline_thumb_free
0x10002173E	0x00000050	[ 25] _emit_inline_thumb_start_pass
0x10002178E	0x0000000A	[ 25] _emit_inline_thumb_end_pass
0x100021798	0x000000BB	[ 25] _emit_inline_thumb_count_params
0x100021853	0x00000041	[ 25] _emit_inline_thumb_label
0x100021894	0x00001068	[ 25] _emit_inline_thumb_op
0x1000228FC	0x000000AD	[ 25] _get_arg_vfpreg
0x1000229A9	0x000000C6	[ 25] _get_arg_reg
0x100022A6F	0x00000078	[ 25] _get_arg_addr
0x100022AE7	0x0000007E	[ 25] _get_arg_i
0x100022B65	0x0000007B	[ 25] _get_arg_label
0x100022BE0	0x00000168	[ 25] _get_arg_reglist
0x100022D48	0x000000A7	[ 25] _get_arg_special_reg
0x100022DEF	0x0000007C	[ 26] _asm_arm_entry
0x100022E6B	0x00000063	[ 26] _asm_arm_exit
0x100022ECE	0x0000002E	[ 26] _asm_arm_mov_reg_reg
0x100022EFC	0x0000006B	[ 26] _asm_arm_mov_reg_i32
0x100022F67	0x00000071	[ 26] _asm_arm_mov_reg_i32_optimised
0x100022FD8	0x00000032	[ 26] _asm_arm_mov_local_reg
0x10002300A	0x00000032	[ 26] _asm_arm_mov_reg_local
0x10002303C	0x00000031	[ 26] _asm_arm_cmp_reg_i8
0x10002306D	0x0000002E	[ 26] _asm_arm_cmp_reg_reg
0x10002309B	0x00000060	[ 26] _asm_arm_setcc_reg
0x1000230FB	0x00000041	[ 26] _asm_arm_add_reg_reg_reg
0x10002313C	0x00000041	[ 26] _asm_arm_sub_reg_reg_reg
0x10002317D	0x0000004C	[ 26] _asm_arm_mul_reg_reg_reg
0x1000231C9	0x00000041	[ 26] _asm_arm_and_reg_reg_reg
0x10002320A	0x00000041	[ 26] _asm_arm_eor_reg_reg_reg
0x10002324B	0x00000041	[ 26] _asm_arm_orr_reg_reg_reg
0x10002328C	0x00000033	[ 26] _asm_arm_mov_reg_local_addr
0x1000232BF	0x000000AE	[ 26] _asm_arm_mov_reg_pcrel
0x10002336D	0x00000036	[ 26] _asm_arm_lsl_reg_reg
0x1000233A3	0x00000036	[ 26] _asm_arm_lsr_reg_reg
0x1000233D9	0x00000036	[ 26] _asm_arm_asr_reg_reg
0x10002340F	0x00000041	[ 26] _asm_arm_ldr_reg_reg
0x100023450	0x00000032	[ 26] _asm_arm_ldrh_reg_reg
0x100023482	0x00000032	[ 26] _asm_arm_ldrb_reg_reg
0x1000234B4	0x00000041	[ 26] _asm_arm_str_reg_reg
0x1000234F5	0x00000032	[ 26] _asm_arm_strh_reg_reg
0x100023527	0x00000032	[ 26] _asm_arm_strb_reg_reg
0x100023559	0x00000041	[ 26] _asm_arm_str_reg_reg_reg
0x10002359A	0x0000005C	[ 26] _asm_arm_strh_reg_reg_reg
0x1000235F6	0x00000041	[ 26] _asm_arm_strb_reg_reg_reg
0x100023637	0x00000082	[ 26] _asm_arm_bcc_label
0x1000236B9	0x00000011	[ 26] _asm_arm_b_label
0x1000236CA	0x00000052	[ 26] _asm_arm_bl_ind
0x10002371C	0x00000026	[ 26] _asm_arm_bx_reg
0x100023744	0x0000007A	[ 27] _emit_native_arm_new
0x1000237BE	0x0000004C	[ 27] _emit_native_arm_free
0x10002380A	0x00000860	[ 27] _emit_native_start_pass
0x10002406A	0x00000488	[ 27] _emit_native_end_pass
0x1000244F2	0x0000000C	[ 27] _emit_native_last_emit_was_return_value
0x1000244FE	0x00000060	[ 27] _emit_native_adjust_stack_size
0x10002455E	0x00000006	[ 27] _emit_native_set_source_line
0x100024564	0x0000009A	[ 27] _emit_native_load_local
0x1000245FE	0x00000071	[ 27] _emit_native_load_global
0x10002466F	0x000000D2	[ 27] _emit_native_store_local
0x100024741	0x0000012A	[ 27] _emit_native_store_global
0x10002486B	0x00000043	[ 27] _emit_native_delete_local
0x1000248AE	0x0000001C	[ 27] _emit_native_delete_global
0x1000248CA	0x000000CE	[ 27] _emit_native_label_assign
0x100024998	0x00000132	[ 27] _emit_native_import
0x100024ACA	0x0000003E	[ 27] _emit_native_load_const_tok
0x100024B08	0x00000019	[ 27] _emit_native_load_const_small_int
0x100024B21	0x00000072	[ 27] _emit_native_load_const_str
0x100024B93	0x00000052	[ 27] _emit_native_load_const_obj
0x100024BE5	0x00000015	[ 27] _emit_native_load_null
0x100024BFA	0x000000BA	[ 27] _emit_native_load_method
0x100024CB4	0x0000003D	[ 27] _emit_native_load_build_class
0x100024CF1	0x000009A7	[ 27] _emit_native_subscr
0x100025698	0x0000012D	[ 27] _emit_native_attr
0x1000257C5	0x00000063	[ 27] _emit_native_dup_top
0x100025828	0x00000072	[ 27] _emit_native_dup_top_two
0x10002589A	0x00000018	[ 27] _emit_native_pop_top
0x1000258B2	0x00000052	[ 27] _emit_native_rot_two
0x100025904	0x0000007B	[ 27] _emit_native_rot_three
0x10002597F	0x0000002C	[ 27] _emit_native_jump
0x1000259AB	0x0000000F	[ 27] _emit_native_pop_jump_if
0x1000259BA	0x0000000C	[ 27] _emit_native_jump_if_or_pop
0x1000259C6	0x00000143	[ 27] _emit_native_unwind_jump
0x100025B09	0x000001D1	[ 27] _emit_native_setup_block
0x100025CDA	0x0000020F	[ 27] _emit_native_with_cleanup
0x100025EE9	0x00000127	[ 27] _emit_native_end_finally
0x100026010	0x000000D9	[ 27] _emit_native_get_iter
0x1000260E9	0x0000007C	[ 27] _emit_native_for_iter
0x100026165	0x00000018	[ 27] _emit_native_for_iter_end
0x10002617D	0x00000062	[ 27] _emit_native_pop_except_jump
0x1000261DF	0x000000AB	[ 27] _emit_native_unary_op
0x10002628A	0x00000452	[ 27] _emit_native_binary_op
0x1000266DC	0x00000142	[ 27] _emit_native_build
0x10002681E	0x00000094	[ 27] _emit_native_store_map
0x1000268B2	0x00000146	[ 27] _emit_native_store_comp
0x1000269F8	0x0000007E	[ 27] _emit_native_unpack_sequence
0x100026A76	0x00000096	[ 27] _emit_native_unpack_ex
0x100026B0C	0x000000EB	[ 27] _emit_native_make_function
0x100026BF7	0x000000B2	[ 27] _emit_native_make_closure
0x100026CA9	0x000001FD	[ 27] _emit_native_call_function
0x100026EA6	0x00000089	[ 27] _emit_native_call_method
0x100026F2F	0x000001E9	[ 27] _emit_native_return_value
0x100027118	0x00000092	[ 27] _emit_native_raise_varargs
0x1000271AA	0x0000028D	[ 27] _emit_native_yield
0x100027437	0x00000038	[ 27] _emit_native_start_except_handler
0x10002746F	0x00000011	[ 27] _emit_native_end_except_handler
0x100027480	0x0000004A	[ 27] _emit_call_with_imm_arg
0x1000274CA	0x00000032	[ 27] _emit_native_mov_state_reg
0x1000274FC	0x0000039B	[ 27] _emit_native_global_exc_entry
0x100027897	0x0000005F	[ 27] _need_reg_all
0x1000278F6	0x00000030	[ 27] _emit_native_mov_reg_state
0x100027926	0x0000003C	[ 27] _ensure_extra_stack
0x100027962	0x0000003F	[ 27] _adjust_stack
0x1000279A1	0x000000AB	[ 27] _emit_native_load_fast
0x100027A4C	0x00000051	[ 27] _emit_post_push_reg
0x100027A9D	0x0000007C	[ 27] _need_reg_single
0x100027B19	0x0000007E	[ 27] _emit_pre_pop_reg_flexible
0x100027B97	0x000000A6	[ 27] _emit_access_stack
0x100027C3D	0x000000AE	[ 27] _load_reg_stack_imm
0x100027CEB	0x00000051	[ 27] _emit_post_push_imm
0x100027D3C	0x00000079	[ 27] _emit_call_with_qstr_arg
0x100027DB5	0x00000114	[ 27] _emit_native_store_fast
0x100027EC9	0x0000007D	[ 27] _need_stack_settled
0x100027F46	0x0000008C	[ 27] _emit_native_leave_exc_stack
0x100027FD2	0x0000006D	[ 27] _emit_pre_pop_reg_reg
0x10002803F	0x0000007A	[ 27] _emit_load_reg_with_ptr
0x1000280B9	0x00000160	[ 27] _emit_get_stack_pointer_to_reg_for_pop
0x100028219	0x0000007D	[ 27] _emit_get_stack_pointer_to_reg_for_push
0x100028296	0x00000053	[ 27] _emit_native_mov_reg_state_addr
0x1000282E9	0x000000A8	[ 27] _emit_pre_pop_reg_reg_reg
0x100028391	0x000001AB	[ 27] _emit_native_jump_helper
0x10002853C	0x0000009B	[ 27] _emit_native_push_exc_stack
0x1000285D7	0x0000005D	[ 27] _emit_call_with_2_imm_args
0x100028634	0x0000006A	[ 27] _emit_fold_stack_top
0x10002869E	0x00000013	[ 28] _asm_xtensa_end_pass
0x1000286B1	0x00000125	[ 28] _asm_xtensa_entry
0x1000287D6	0x000000E7	[ 28] _asm_xtensa_exit
0x1000288BD	0x000000AD	[ 28] _asm_xtensa_entry_win
0x10002896A	0x0000003B	[ 28] _asm_xtensa_exit_win
0x1000289A5	0x00000021	[ 28] _asm_xtensa_op16
0x1000289C6	0x00000029	[ 28] _asm_xtensa_op24
0x1000289EF	0x00000050	[ 28] _asm_xtensa_j_label
0x100028A3F	0x00000094	[ 28] _asm_xtensa_bccz_reg_label
0x100028AD3	0x000000A6	[ 28] _asm_xtensa_bcc_reg_reg_label
0x100028B79	0x00000095	[ 28] _asm_xtensa_setcc_reg_reg_reg
0x100028C0E	0x0000008D	[ 28] _asm_xtensa_mov_reg_i32
0x100028C9B	0x00000065	[ 28] _asm_xtensa_mov_reg_i32_optimised
0x100028D00	0x0000003F	[ 28] _asm_xtensa_mov_local_reg
0x100028D3F	0x0000003F	[ 28] _asm_xtensa_mov_reg_local
0x100028D7E	0x000000C4	[ 28] _asm_xtensa_mov_reg_local_addr
0x100028E42	0x000000DC	[ 28] _asm_xtensa_mov_reg_pcrel
0x100028F1E	0x0000006B	[ 28] _asm_xtensa_call_ind
0x100028F89	0x0000006B	[ 28] _asm_xtensa_call_ind_win
0x100028FF4	0x0000007A	[ 29] _emit_native_xtensa_new
0x10002906E	0x0000004C	[ 29] _emit_native_xtensa_free
0x1000290BA	0x000007E5	[ 29] _emit_native_start_pass
0x10002989F	0x00000444	[ 29] _emit_native_end_pass
0x100029CE3	0x0000000C	[ 29] _emit_native_last_emit_was_return_value
0x100029CEF	0x00000060	[ 29] _emit_native_adjust_stack_size
0x100029D4F	0x00000006	[ 29] _emit_native_set_source_line
0x100029D55	0x000000A4	[ 29] _emit_native_load_local
0x100029DF9	0x00000077	[ 29] _emit_native_load_global
0x100029E70	0x000000E2	[ 29] _emit_native_store_local
0x100029F52	0x0000012E	[ 29] _emit_native_store_global
0x10002A080	0x00000043	[ 29] _emit_native_delete_local
0x10002A0C3	0x0000001F	[ 29] _emit_native_delete_global
0x10002A0E2	0x000000D8	[ 29] _emit_native_label_assign
0x10002A1BA	0x00000139	[ 29] _emit_native_import
0x10002A2F3	0x0000003E	[ 29] _emit_native_load_const_tok
0x10002A331	0x00000019	[ 29] _emit_native_load_const_small_int
0x10002A34A	0x0000007B	[ 29] _emit_native_load_const_str
0x10002A3C5	0x00000058	[ 29] _emit_native_load_const_obj
0x10002A41D	0x00000015	[ 29] _emit_native_load_null
0x10002A432	0x000000C0	[ 29] _emit_native_load_method
0x10002A4F2	0x0000003B	[ 29] _emit_native_load_build_class
0x10002A52D	0x00000AAB	[ 29] _emit_native_subscr
0x10002AFD8	0x0000012B	[ 29] _emit_native_attr
0x10002B103	0x00000063	[ 29] _emit_native_dup_top
0x10002B166	0x0000007B	[ 29] _emit_native_dup_top_two
0x10002B1E1	0x00000018	[ 29] _emit_native_pop_top
0x10002B1F9	0x00000058	[ 29] _emit_native_rot_two
0x10002B251	0x00000081	[ 29] _emit_native_rot_three
0x10002B2D2	0x0000002C	[ 29] _emit_native_jump
0x10002B2FE	0x0000000F	[ 29] _emit_native_pop_jump_if
0x10002B30D	0x0000000C	[ 29] _emit_native_jump_if_or_pop
0x10002B319	0x00000154	[ 29] _emit_native_unwind_jump
0x10002B46D	0x000001DA	[ 29] _emit_native_setup_block
0x10002B647	0x000001FC	[ 29] _emit_native_with_cleanup
0x10002B843	0x00000120	[ 29] _emit_native_end_finally
0x10002B963	0x000000D1	[ 29] _emit_native_get_iter
0x10002BA34	0x00000072	[ 29] _emit_native_for_iter
0x10002BAA6	0x00000018	[ 29] _emit_native_for_iter_end
0x10002BABE	0x00000068	[ 29] _emit_native_pop_except_jump
0x10002BB26	0x000000B1	[ 29] _emit_native_unary_op
0x10002BBD7	0x00000495	[ 29] _emit_native_binary_op
0x10002C06C	0x0000013F	[ 29] _emit_native_build
0x10002C1AB	0x00000092	[ 29] _emit_native_store_map
0x10002C23D	0x00000144	[ 29] _emit_native_store_comp
0x10002C381	0x00000081	[ 29] _emit_native_unpack_sequence
0x10002C402	0x00000099	[ 29] _emit_native_unpack_ex
0x10002C49B	0x000000E9	[ 29] _emit_native_make_function
0x10002C584	0x000000B0	[ 29] _emit_native_make_closure
0x10002C634	0x00000209	[ 29] _emit_native_call_function
0x10002C83D	0x0000008C	[ 29] _emit_native_call_method
0x10002C8C9	0x000001FC	[ 29] _emit_native_return_value
0x10002CAC5	0x00000090	[ 29] _emit_native_raise_varargs
0x10002CB55	0x00000296	[ 29] _emit_native_yield
0x10002CDEB	0x0000003E	[ 29] _emit_native_start_except_handler
0x10002CE29	0x00000011	[ 29] _emit_native_end_except_handler
0x10002CE3A	0x00000045	[ 29] _emit_call_with_imm_arg
0x10002CE7F	0x00000038	[ 29] _emit_native_mov_state_reg
0x10002CEB7	0x0000036B	[ 29] _emit_native_global_exc_entry
0x10002D222	0x0000005F	[ 29] _need_reg_all
0x10002D281	0x00000038	[ 29] _emit_native_mov_reg_state
0x10002D2B9	0x0000003C	[ 29] _ensure_extra_stack
0x10002D2F5	0x0000003F	[ 29] _adjust_stack
0x10002D334	0x000000B4	[ 29] _emit_native_load_fast
0x10002D3E8	0x00000051	[ 29] _emit_post_push_reg
0x10002D439	0x0000007C	[ 29] _need_reg_single
0x10002D4B5	0x0000007E	[ 29] _emit_pre_pop_reg_flexible
0x10002D533	0x000000B5	[ 29] _emit_access_stack
0x10002D5E8	0x000000AB	[ 29] _load_reg_stack_imm
0x10002D693	0x00000051	[ 29] _emit_post_push_imm
0x10002D6E4	0x00000074	[ 29] _emit_call_with_qstr_arg
0x10002D758	0x0000011A	[ 29] _emit_native_store_fast
0x10002D872	0x0000007D	[ 29] _need_stack_settled
0x10002D8EF	0x00000091	[ 29] _emit_native_leave_exc_stack
0x10002D980	0x0000006D	[ 29] _emit_pre_pop_reg_reg
0x10002D9ED	0x0000007D	[ 29] _emit_load_reg_with_ptr
0x10002DA6A	0x00000166	[ 29] _emit_get_stack_pointer_to_reg_for_pop
0x10002DBD0	0x0000007D	[ 29] _emit_get_stack_pointer_to_reg_for_push
0x10002DC4D	0x0000005B	[ 29] _emit_native_mov_reg_state_addr
0x10002DCA8	0x000000A8	[ 29] _emit_pre_pop_reg_reg_reg
0x10002DD50	0x00000190	[ 29] _emit_native_jump_helper
0x10002DEE0	0x000000A1	[ 29] _emit_native_push_exc_stack
0x10002DF81	0x0000005B	[ 29] _emit_call_with_2_imm_args
0x10002DFDC	0x0000006D	[ 29] _emit_fold_stack_top
0x10002E04C	0x00000058	[ 30] _emit_inline_xtensa_new
0x10002E0A4	0x0000002A	[ 30] _emit_inline_xtensa_free
0x10002E0CE	0x00000050	[ 30] _emit_inline_xtensa_start_pass
0x10002E11E	0x0000001C	[ 30] _emit_inline_xtensa_end_pass
0x10002E13A	0x000000BB	[ 30] _emit_inline_xtensa_count_params
0x10002E1F5	0x00000041	[ 30] _emit_inline_xtensa_label
0x10002E236	0x000003A2	[ 30] _emit_inline_xtensa_op
0x10002E5D8	0x000000A7	[ 30] _get_arg_reg
0x10002E67F	0x0000007B	[ 30] _get_arg_label
0x10002E6FA	0x00000091	[ 30] _get_arg_i
0x10002E78C	0x0000007A	[ 31] _emit_native_xtensawin_new
0x10002E806	0x0000004C	[ 31] _emit_native_xtensawin_free
0x10002E852	0x00000827	[ 31] _emit_native_start_pass
0x10002F079	0x000004BD	[ 31] _emit_native_end_pass
0x10002F536	0x0000000C	[ 31] _emit_native_last_emit_was_return_value
0x10002F542	0x00000060	[ 31] _emit_native_adjust_stack_size
0x10002F5A2	0x00000006	[ 31] _emit_native_set_source_line
0x10002F5A8	0x000000A4	[ 31] _emit_native_load_local
0x10002F64C	0x00000077	[ 31] _emit_native_load_global
0x10002F6C3	0x000000E2	[ 31] _emit_native_store_local
0x10002F7A5	0x0000012E	[ 31] _emit_native_store_global
0x10002F8D3	0x00000043	[ 31] _emit_native_delete_local
0x10002F916	0x0000001F	[ 31] _emit_native_delete_global
0x10002F935	0x000000D8	[ 31] _emit_native_label_assign
0x10002FA0D	0x00000139	[ 31] _emit_native_import
0x10002FB46	0x0000003E	[ 31] _emit_native_load_const_tok
0x10002FB84	0x00000019	[ 31] _emit_native_load_const_small_int
0x10002FB9D	0x0000007B	[ 31] _emit_native_load_const_str
0x10002FC18	0x00000058	[ 31] _emit_native_load_const_obj
0x10002FC70	0x00000015	[ 31] _emit_native_load_null
0x10002FC85	0x000000C0	[ 31] _emit_native_load_method
0x10002FD45	0x0000003B	[ 31] _emit_native_load_build_class
0x10002FD80	0x00000AB0	[ 31] _emit_native_subscr
0x100030830	0x0000012B	[ 31] _emit_native_attr
0x10003095B	0x00000063	[ 31] _emit_native_dup_top
0x1000309BE	0x0000007B	[ 31] _emit_native_dup_top_two
0x100030A39	0x00000018	[ 31] _emit_native_pop_top
0x100030A51	0x00000058	[ 31] _emit_native_rot_two
0x100030AA9	0x00000081	[ 31] _emit_native_rot_three
0x100030B2A	0x0000002C	[ 31] _emit_native_jump
0x100030B56	0x0000000F	[ 31] _emit_native_pop_jump_if
0x100030B65	0x0000000C	[ 31] _emit_native_jump_if_or_pop
0x100030B71	0x00000154	[ 31] _emit_native_unwind_jump
0x100030CC5	0x000001DA	[ 31] _emit_native_setup_block
0x100030E9F	0x000001FC	[ 31] _emit_native_with_cleanup
0x10003109B	0x00000120	[ 31] _emit_native_end_finally
0x1000311BB	0x000000D1	[ 31] _emit_native_get_iter
0x10003128C	0x00000072	[ 31] _emit_native_for_iter
0x1000312FE	0x00000018	[ 31] _emit_native_for_iter_end
0x100031316	0x00000068	[ 31] _emit_native_pop_except_jump
0x10003137E	0x000000B1	[ 31] _emit_native_unary_op
0x10003142F	0x00000495	[ 31] _emit_native_binary_op
0x1000318C4	0x0000013F	[ 31] _emit_native_build
0x100031A03	0x00000092	[ 31] _emit_native_store_map
0x100031A95	0x00000144	[ 31] _emit_native_store_comp
0x100031BD9	0x00000081	[ 31] _emit_native_unpack_sequence
0x100031C5A	0x00000099	[ 31] _emit_native_unpack_ex
0x100031CF3	0x000000E9	[ 31] _emit_native_make_function
0x100031DDC	0x000000B0	[ 31] _emit_native_make_closure
0x100031E8C	0x00000209	[ 31] _emit_native_call_function
0x100032095	0x0000008C	[ 31] _emit_native_call_method
0x100032121	0x0000021E	[ 31] _emit_native_return_value
0x10003233F	0x00000090	[ 31] _emit_native_raise_varargs
0x1000323CF	0x00000296	[ 31] _emit_native_yield
0x100032665	0x0000003E	[ 31] _emit_native_start_except_handler
0x1000326A3	0x00000011	[ 31] _emit_native_end_except_handler
0x1000326B4	0x00000045	[ 31] _emit_call_with_imm_arg
0x1000326F9	0x00000037	[ 31] _emit_native_mov_state_reg
0x100032730	0x00000415	[ 31] _emit_native_global_exc_entry
0x100032B45	0x0000005F	[ 31] _need_reg_all
0x100032BA4	0x00000037	[ 31] _emit_native_mov_reg_state
0x100032BDB	0x0000003C	[ 31] _ensure_extra_stack
0x100032C17	0x0000003F	[ 31] _adjust_stack
0x100032C56	0x000000B4	[ 31] _emit_native_load_fast
0x100032D0A	0x00000051	[ 31] _emit_post_push_reg
0x100032D5B	0x0000007C	[ 31] _need_reg_single
0x100032DD7	0x0000007E	[ 31] _emit_pre_pop_reg_flexible
0x100032E55	0x000000B5	[ 31] _emit_access_stack
0x100032F0A	0x000000AB	[ 31] _load_reg_stack_imm
0x100032FB5	0x00000051	[ 31] _emit_post_push_imm
0x100033006	0x00000074	[ 31] _emit_call_with_qstr_arg
0x10003307A	0x0000011A	[ 31] _emit_native_store_fast
0x100033194	0x0000007D	[ 31] _need_stack_settled
0x100033211	0x00000091	[ 31] _emit_native_leave_exc_stack
0x1000332A2	0x0000006D	[ 31] _emit_pre_pop_reg_reg
0x10003330F	0x0000007D	[ 31] _emit_load_reg_with_ptr
0x10003338C	0x00000166	[ 31] _emit_get_stack_pointer_to_reg_for_pop
0x1000334F2	0x0000007D	[ 31] _emit_get_stack_pointer_to_reg_for_push
0x10003356F	0x00000057	[ 31] _emit_native_mov_reg_state_addr
0x1000335C6	0x000000A8	[ 31] _emit_pre_pop_reg_reg_reg
0x10003366E	0x00000190	[ 31] _emit_native_jump_helper
0x1000337FE	0x000000A1	[ 31] _emit_native_push_exc_stack
0x10003389F	0x0000005B	[ 31] _emit_call_with_2_imm_args
0x1000338FA	0x0000006D	[ 31] _emit_fold_stack_top
0x100033967	0x00000664	[ 32] _mp_format_float
0x100033FCB	0x000000B7	[ 33] _mp_parse_num_base
0x100034082	0x000001D2	[ 34] _mp_parse_num_integer
0x100034254	0x00000046	[ 34] _mp_obj_new_exception_arg1
0x10003429A	0x00000034	[ 34] _raise_exc
0x1000342CE	0x00000371	[ 34] _mp_parse_num_decimal
0x10003463F	0x0000001A	[ 35] _mp_emit_glue_new_raw_code
0x100034659	0x00000034	[ 35] _mp_emit_glue_assign_bytecode
0x10003468D	0x00000079	[ 35] _mp_emit_glue_assign_native
0x100034706	0x000000C7	[ 36] _mp_raw_code_save
0x1000347CD	0x0000007C	[ 36] _mp_raw_code_has_native
0x100034849	0x000006AB	[ 36] _save_raw_code
0x100034EF4	0x0000004E	[ 36] _mp_raw_code_save_file
0x100034F42	0x0000000A	[ 36] _fd_print_strn
0x100034F4C	0x00000148	[ 36] _extract_prelude
0x100035094	0x00000034	[ 36] _save_prelude_qstrs
0x1000350C8	0x00000174	[ 36] _save_qstr
0x10003523C	0x0000007A	[ 37] _mp_init
0x1000352B6	0x00000006	[ 37] _mp_deinit
0x1000352BE	0x00000076	[ 37] _mp_raise_msg_varg
0x100035337	0x000001F5	[ 37] _mp_unary_op
0x10003552C	0x00000590	[ 37] _mp_binary_op
0x100035ABC	0x00000013	[ 37] _mp_raise_ValueError
0x100035ACF	0x00000113	[ 37] _mp_getiter
0x100035BE2	0x00000137	[ 37] _mp_iternext
0x100035D19	0x00000023	[ 37] _mp_raise_msg
0x100035D3C	0x00000058	[ 37] _mp_call_function_n_kw
0x100035D94	0x00000021	[ 37] _mp_call_function_1
0x100035DB5	0x00000032	[ 37] _mp_call_method_n_kw
0x100035DEA	0x000000B1	[ 37] _mp_convert_member_lookup
0x100035E9B	0x000000CA	[ 37] _mp_load_method_maybe
0x100035F65	0x000000D5	[ 37] _mp_iternext_allow_raise
0x10003603D	0x00000035	[ 37] _m_malloc_fail
0x100036072	0x00000013	[ 37] _mp_raise_TypeError
0x100036085	0x00000013	[ 37] _mp_raise_NotImplementedError
0x100036098	0x00000011	[ 37] _mp_raise_type_arg
0x1000360A9	0x00000038	[ 37] _mp_obj_new_exception_arg1
0x1000360E1	0x00000026	[ 37] _mp_raise_StopIteration
0x100036107	0x0000001A	[ 37] _mp_raise_OSError
0x100036121	0x00000015	[ 37] _mp_raise_recursion_depth
0x100036136	0x00000066	[ 37] _checked_fun_call
0x10003619C	0x0000008C	[ 38] _mp_native_type_from_qstr
0x100036228	0x00000014	[ 39] _mp_stack_ctrl_init
0x10003623C	0x00000011	[ 39] _mp_stack_set_limit
0x10003624D	0x0000002A	[ 39] _mp_stack_check
0x100036277	0x0000007D	[ 40] _mp_arg_check_num_sig
0x1000362F4	0x0000013E	[ 40] _mp_arg_parse_all
0x100036432	0x00000054	[ 40] _mp_arg_parse_all_kw_array
0x100036486	0x00000010	[ 40] _mp_arg_error_unimpl_kw
0x100036496	0x0000003C	[ 42] _mp_map_init
0x1000364D2	0x00000019	[ 42] _mp_map_init_fixed_table
0x1000364EB	0x00000031	[ 42] _mp_map_deinit
0x10003651C	0x00000034	[ 42] _mp_map_clear
0x100036550	0x00000249	[ 42] _mp_map_lookup
0x100036799	0x000000C0	[ 42] _mp_map_rehash
0x100036859	0x00000021	[ 43] _mp_obj_get_type
0x10003687A	0x00000029	[ 43] _mp_obj_get_type_str
0x1000368A3	0x0000008D	[ 43] _mp_obj_print_helper
0x100036930	0x00000135	[ 43] _mp_obj_print_exception
0x100036A65	0x0000007E	[ 43] _mp_obj_is_true
0x100036AE3	0x0000006D	[ 43] _mp_obj_len_maybe
0x100036B50	0x000001B7	[ 43] _mp_obj_equal_not_equal
0x100036D07	0x0000001D	[ 43] _mp_obj_equal
0x100036D24	0x0000004D	[ 43] _mp_obj_get_int
0x100036D71	0x00000027	[ 43] _mp_obj_get_int_truncated
0x100036D98	0x00000055	[ 43] _mp_obj_get_int_maybe
0x100036DED	0x0000006D	[ 43] _mp_obj_get_float_maybe
0x100036E5A	0x00000042	[ 43] _mp_obj_get_float
0x100036E9C	0x00000095	[ 43] _mp_obj_get_complex_maybe
0x100036F31	0x00000048	[ 43] _mp_obj_get_array
0x100036F79	0x000000B9	[ 43] _mp_get_index
0x100037032	0x00000097	[ 43] _mp_obj_subscr
0x1000370C9	0x00000009	[ 43] _mp_identity_getiter
0x1000370D2	0x00000035	[ 43] _mp_get_buffer
0x100037107	0x0000003C	[ 43] _mp_get_buffer_raise
0x100037143	0x00000014	[ 43] _mp_generic_unary_op
0x100037157	0x00000020	[ 45] _bool_print
0x100037177	0x00000041	[ 45] _bool_make_new
0x1000371B8	0x00000023	[ 45] _bool_unary_op
0x1000371DB	0x0000001A	[ 45] _bool_binary_op
0x1000371F5	0x000000E9	[ 46] _mp_call_method_self_n_kw
0x1000372E0	0x000000F5	[ 47] _complex_print
0x1000373D5	0x00000183	[ 47] _complex_make_new
0x100037558	0x000000E4	[ 47] _complex_unary_op
0x10003763C	0x00000017	[ 47] _complex_binary_op
0x100037653	0x00000041	[ 47] _complex_attr
0x100037694	0x00000040	[ 47] _mp_obj_new_complex
0x1000376D4	0x00000031	[ 47] _mp_obj_complex_get
0x100037705	0x0000032F	[ 47] _mp_obj_complex_binary_op
0x100037A34	0x000000B3	[ 48] _mp_obj_dict_make_new
0x100037AE7	0x000001B7	[ 48] _dict_update
0x100037C9E	0x00000033	[ 48] _mp_obj_dict_get
0x100037CD1	0x00000096	[ 48] _mp_obj_dict_copy
0x100037D67	0x000000BA	[ 48] _dict_print
0x100037E21	0x00000030	[ 48] _dict_unary_op
0x100037E51	0x000000D2	[ 48] _dict_binary_op
0x100037F23	0x00000092	[ 48] _dict_subscr
0x100037FB5	0x00000026	[ 48] _dict_getiter
0x100037FDB	0x00000018	[ 48] _mp_obj_dict_init
0x100037FF3	0x00000034	[ 48] _mp_obj_dict_store
0x100038027	0x0000008D	[ 48] _dict_get_helper
0x1000380B4	0x00000061	[ 48] _dict_iter_next
0x100038115	0x00000055	[ 48] _dict_view_it_iternext
0x10003816A	0x00000021	[ 48] _dict_clear
0x10003818B	0x000000A6	[ 48] _dict_fromkeys
0x100038231	0x0000000C	[ 48] _dict_get
0x10003823D	0x0000002F	[ 48] _dict_items
0x10003826C	0x000000C4	[ 48] _dict_view_print
0x100038330	0x00000038	[ 48] _dict_view_binary_op
0x100038368	0x00000029	[ 48] _dict_view_getiter
0x100038391	0x0000002F	[ 48] _dict_keys
0x1000383C0	0x0000000F	[ 48] _dict_pop
0x1000383CF	0x00000081	[ 48] _dict_popitem
0x100038450	0x0000000F	[ 48] _dict_setdefault
0x10003845F	0x0000002F	[ 48] _dict_values
0x10003848E	0x000000BA	[ 50] _mp_obj_exception_print
0x100038548	0x000000AE	[ 50] _mp_obj_exception_make_new
0x1000385F6	0x00000021	[ 50] _mp_obj_exception_get_value
0x100038617	0x00000046	[ 50] _get_native_exception
0x10003865D	0x0000006D	[ 50] _mp_obj_exception_attr
0x1000386CA	0x00000066	[ 50] _mp_obj_new_exception
0x100038730	0x000000CB	[ 50] _mp_obj_new_exception_msg
0x1000387FB	0x0000009A	[ 50] _mp_obj_new_exception_msg_varg
0x100038895	0x0000015F	[ 50] _mp_obj_new_exception_msg_vlist
0x1000389F4	0x00000091	[ 50] _exc_add_strn
0x100038A85	0x00000034	[ 50] _mp_obj_is_exception_type
0x100038AB9	0x00000012	[ 50] _mp_obj_is_exception_instance
0x100038ACB	0x00000038	[ 50] _mp_obj_exception_match
0x100038B03	0x000000C2	[ 50] _mp_obj_exception_add_traceback
0x100038BC5	0x0000002D	[ 50] _mp_obj_exception_get_traceback
0x100038BF4	0x000000B2	[ 52] _float_print
0x100038CA6	0x000000AF	[ 52] _float_make_new
0x100038D55	0x000000C7	[ 52] _float_unary_op
0x100038E1C	0x00000047	[ 52] _float_binary_op
0x100038E63	0x00000031	[ 52] _mp_obj_new_float
0x100038E94	0x00000027	[ 52] _mp_obj_float_get
0x100038EBB	0x000003A5	[ 52] _mp_obj_float_binary_op
0x100039260	0x000000D0	[ 52] _mp_obj_float_divmod
0x100039332	0x00000048	[ 53] _fun_builtin_1_call
0x10003937A	0x0000004B	[ 53] _fun_builtin_2_call
0x1000393C5	0x0000004F	[ 53] _fun_builtin_3_call
0x100039414	0x00000093	[ 53] _fun_builtin_var_call
0x1000394A7	0x0000002A	[ 55] _mp_obj_new_getitem_iter
0x1000394D1	0x00000070	[ 55] _it_iternext
0x100039541	0x000000AD	[ 56] _mp_obj_new_int_from_float
0x1000395EE	0x0000008C	[ 56] _mp_obj_int_print
0x10003967A	0x000001DC	[ 56] _mp_obj_int_formatted
0x100039856	0x00000085	[ 56] _mp_int_format_size
0x1000398DB	0x0000006F	[ 56] _mp_obj_int_binary_op_extra_cases
0x10003994A	0x000000FD	[ 56] _mp_obj_int_make_new
0x100039A47	0x000000A1	[ 56] _int_from_bytes
0x100039AE8	0x000000C3	[ 56] _int_to_bytes
0x100039BAC	0x00000030	[ 57] _mp_obj_int_new_mpz
0x100039BDC	0x000000BC	[ 57] _mp_obj_int_formatted_impl
0x100039C98	0x0000005D	[ 57] _mp_obj_int_from_bytes_impl
0x100039CF5	0x0000002B	[ 57] _mp_obj_int_to_bytes_impl
0x100039D20	0x0000003C	[ 57] _mp_obj_int_sign
0x100039D5C	0x0000012C	[ 57] _mp_obj_int_unary_op
0x100039E88	0x00000460	[ 57] _mp_obj_int_binary_op
0x10003A2E8	0x00000044	[ 57] _mp_obj_int_get_checked
0x10003A32C	0x0000001C	[ 57] _mp_obj_new_int
0x10003A348	0x0000004E	[ 57] _mp_obj_new_int_from_ll
0x10003A396	0x0000004B	[ 57] _mp_obj_new_int_from_ull
0x10003A3E1	0x0000001C	[ 57] _mp_obj_new_int_from_uint
0x10003A3FD	0x00000069	[ 57] _mp_obj_new_int_from_str_len
0x10003A466	0x0000001C	[ 57] _mp_obj_int_get_truncated
0x10003A483	0x0000002A	[ 57] _mp_obj_int_as_float_impl
0x10003A4AD	0x0000006F	[ 58] _mp_obj_list_append
0x10003A51C	0x0000006E	[ 58] _mp_obj_list_sort
0x10003A58A	0x0000016D	[ 58] _mp_quicksort
0x10003A6F7	0x00000069	[ 58] _mp_obj_list_remove
0x10003A760	0x0000001B	[ 58] _list_index
0x10003A77B	0x000000B8	[ 58] _list_pop
0x10003A833	0x00000075	[ 58] _list_print
0x10003A8A8	0x00000055	[ 58] _list_make_new
0x10003A8FD	0x0000002E	[ 58] _list_unary_op
0x10003A92B	0x00000180	[ 58] _list_binary_op
0x10003AAAB	0x000002DD	[ 58] _list_subscr
0x10003AD88	0x0000002A	[ 58] _list_getiter
0x10003ADB2	0x00000052	[ 58] _mp_obj_list_init
0x10003AE04	0x00000056	[ 58] _mp_obj_new_list
0x10003AE5A	0x00000014	[ 58] _mp_obj_list_get
0x10003AE6E	0x0000003C	[ 58] _list_extend_from_iter
0x10003AEAA	0x000000A2	[ 58] _list_extend
0x10003AF4C	0x00000027	[ 58] _list_it_iternext
0x10003AF73	0x00000041	[ 58] _list_clear
0x10003AFB4	0x00000015	[ 58] _list_copy
0x10003AFC9	0x00000015	[ 58] _list_count
0x10003AFDE	0x00000071	[ 58] _list_insert
0x10003B04F	0x0000004A	[ 58] _list_reverse
0x10003B099	0x0000002A	[ 61] _object_make_new
0x10003B0C3	0x0000000B	[ 61] _object___init__
0x10003B0CE	0x00000042	[ 61] _object___new__
0x10003B110	0x00000008	[ 62] _polymorph_it_iternext
0x10003B118	0x00000082	[ 63] _property_make_new
0x10003B19A	0x0000000A	[ 63] _mp_obj_property_get
0x10003B1A4	0x0000002E	[ 63] _property_getter
0x10003B1D2	0x0000002E	[ 63] _property_setter
0x10003B200	0x0000002E	[ 63] _property_deleter
0x10003B22E	0x00000011	[ 64] _none_print
0x10003B23F	0x00000017	[ 68] _singleton_print
0x10003B256	0x00000085	[ 69] _slice_print
0x10003B2DB	0x00000135	[ 69] _mp_obj_slice_indices
0x10003B410	0x00000145	[ 70] _mp_str_print_quoted
0x10003B555	0x00000189	[ 70] _mp_obj_str_make_new
0x10003B6DE	0x000000A7	[ 70] _mp_obj_new_str_from_vstr
0x10003B785	0x0000006B	[ 70] _mp_obj_new_str_copy
0x10003B7F0	0x0000003A	[ 70] _mp_obj_new_str
0x10003B82A	0x00000086	[ 70] _find_subbytes
0x10003B8B0	0x00000A18	[ 70] _mp_obj_str_binary_op
0x10003C2C8	0x00000036	[ 70] _bad_implicit_conversion
0x10003C2FE	0x000001A1	[ 70] _str_join
0x10003C49F	0x00000262	[ 70] _mp_obj_str_split
0x10003C701	0x00000026	[ 70] _mp_obj_new_str_of_type
0x10003C727	0x0000005F	[ 70] _mp_obj_str_get_data
0x10003C786	0x000001E9	[ 70] _str_rsplit
0x10003C96F	0x00000011	[ 70] _str_find
0x10003C980	0x00000011	[ 70] _str_rfind
0x10003C991	0x00000014	[ 70] _str_index
0x10003C9A5	0x00000014	[ 70] _str_rindex
0x10003C9B9	0x000000C3	[ 70] _str_startswith
0x10003CA7C	0x0000009A	[ 70] _str_endswith
0x10003CB16	0x00000015	[ 70] _str_strip
0x10003CB2B	0x00000012	[ 70] _str_lstrip
0x10003CB3D	0x00000015	[ 70] _str_rstrip
0x10003CB52	0x0000008D	[ 70] _mp_obj_str_format
0x10003CBDF	0x00000AB5	[ 70] _mp_obj_str_format_helper
0x10003D694	0x00000378	[ 70] _str_replace
0x10003DA0C	0x00000165	[ 70] _str_count
0x10003DB71	0x00000014	[ 70] _str_lower
0x10003DB85	0x00000014	[ 70] _str_upper
0x10003DB99	0x00000070	[ 70] _str_isspace
0x10003DC09	0x00000070	[ 70] _str_isalpha
0x10003DC79	0x00000070	[ 70] _str_isdigit
0x10003DCE9	0x00000095	[ 70] _str_isupper
0x10003DD7E	0x00000095	[ 70] _str_islower
0x10003DE13	0x00000064	[ 70] _bytes_decode
0x10003DE77	0x0000005F	[ 70] _str_encode
0x10003DED6	0x0000005C	[ 70] _mp_obj_str_get_buffer
0x10003DF32	0x00000083	[ 70] _str_print
0x10003DFB5	0x00000244	[ 70] _bytes_make_new
0x10003E1F9	0x000000D0	[ 70] _bytes_subscr
0x10003E2C9	0x0000002A	[ 70] _mp_obj_new_bytes_iterator
0x10003E2F3	0x00000017	[ 70] _mp_obj_new_bytes
0x10003E30A	0x00000013	[ 70] _mp_obj_new_str_via_qstr
0x10003E31D	0x000000F7	[ 70] _mp_obj_str_equal
0x10003E414	0x0000003C	[ 70] _mp_obj_str_get_qstr
0x10003E452	0x0000017D	[ 70] _str_finder
0x10003E5CF	0x000001E6	[ 70] _str_uni_strip
0x10003E7B5	0x00000099	[ 70] _str_caseconv
0x10003E84E	0x00000064	[ 70] _bytes_it_iternext
0x10003E8B2	0x00000108	[ 71] _str_index_to_ptr
0x10003E9BA	0x000001AE	[ 71] _uni_print
0x10003EB68	0x0000006A	[ 71] _uni_unary_op
0x10003EBD2	0x0000016C	[ 71] _str_subscr
0x10003ED3E	0x0000002A	[ 71] _mp_obj_new_str_iterator
0x10003ED68	0x0000007E	[ 71] _str_it_iternext
0x10003EDE6	0x00000089	[ 72] _mp_obj_tuple_print
0x10003EE6F	0x00000089	[ 72] _mp_obj_tuple_unary_op
0x10003EEF8	0x000001C4	[ 72] _mp_obj_tuple_binary_op
0x10003F0BC	0x00000053	[ 72] _mp_obj_new_tuple
0x10003F10F	0x000000CE	[ 72] _mp_obj_tuple_subscr
0x10003F1DD	0x000000E6	[ 72] _mp_obj_tuple_make_new
0x10003F2C3	0x0000002A	[ 72] _mp_obj_tuple_getiter
0x10003F2ED	0x00000045	[ 72] _mp_obj_tuple_get
0x10003F332	0x00000024	[ 72] _tuple_it_iternext
0x10003F356	0x00000015	[ 72] _tuple_count
0x10003F36B	0x0000001B	[ 72] _tuple_index
0x10003F386	0x00000061	[ 73] _mp_obj_new_instance
0x10003F3E7	0x000000B4	[ 73] _instance_count_native_bases
0x10003F49B	0x0000024D	[ 73] _mp_obj_instance_make_new
0x10003F6E8	0x00000200	[ 73] _mp_obj_class_lookup
0x10003F8E8	0x000000D2	[ 73] _mp_obj_instance_call
0x10003F9BA	0x000000BE	[ 73] _mp_obj_instance_getiter
0x10003FA78	0x00000017	[ 73] _type_print
0x10003FA8F	0x0000005D	[ 73] _type_make_new
0x10003FAEC	0x00000029	[ 73] _type_call
0x10003FB15	0x000001D7	[ 73] _type_attr
0x10003FCEC	0x00000290	[ 73] _mp_obj_new_type
0x10003FF7C	0x0000013A	[ 73] _instance_print
0x1000400B6	0x00000102	[ 73] _instance_unary_op
0x1000401B8	0x000000DE	[ 73] _instance_binary_op
0x100040296	0x00000292	[ 73] _mp_obj_instance_attr
0x100040528	0x000000F3	[ 73] _instance_subscr
0x10004061B	0x00000098	[ 73] _instance_get_buffer
0x1000406B3	0x00000057	[ 73] _static_class_method_make_new
0x10004070A	0x00000089	[ 73] _mp_obj_is_subclass_fast
0x100040793	0x00000036	[ 73] _mp_obj_cast_to_native_base
0x1000407C9	0x0000005B	[ 73] _native_base_init_wrapper
0x100040824	0x00000027	[ 75] _op_getitem
0x10004084B	0x00000031	[ 75] _op_setitem
0x10004087C	0x00000024	[ 75] _op_delitem
0x1000408A0	0x0000003F	[ 76] _mp_seq_multiply
0x1000408DF	0x00000056	[ 76] _mp_seq_get_fast_slice_indexes
0x100040935	0x00000069	[ 76] _mp_seq_extract_slice
0x10004099E	0x0000008E	[ 76] _mp_seq_cmp_bytes
0x100040A2C	0x000000D8	[ 76] _mp_seq_cmp_objs
0x100040B04	0x000000B3	[ 76] _mp_seq_index_obj
0x100040BB7	0x0000005B	[ 76] _mp_seq_count_obj
0x100040C15	0x0000003D	[ 78] _mp_binary_set_int
0x100040C52	0x00000020	[ 81] _mp_builtin_next
0x100040C72	0x00000063	[ 85] _mp_opcode_format
0x100040CD5	0x00000080	[ 86] _mp_small_int_mul_overflow
0x100040D55	0x00000028	[ 86] _mp_small_int_modulo
0x100040D7D	0x0000002E	[ 86] _mp_small_int_floor_divide
0x100040DAB	0x00000701	[ 87] _main_
0x1000414AC	0x00000037	[ 87] _usage
0x1000414E3	0x0000001F	[ 87] _main
0x100041502	0x00000029	[ 87] _nlr_jump_fail
0x10004152B	0x0000000F	[ 87] _stderr_print_strn
0x10004153A	0x00000014	[ 88] _gc_collect
0x10004154E	0x00000074	[ 89] _gc_helper_collect_regs_and_stack
0x1000415D0	0x00000030	[  5] _gc_free.cold.1
0x100041600	0x00000030	[  5] _gc_free.cold.2
0x100041630	0x00000030	[  5] _gc_realloc.cold.1
0x100041660	0x00000030	[  5] _gc_realloc.cold.2
0x100041690	0x00000023	[  5] _gc_realloc.cold.3
0x1000416B3	0x00000023	[  7] _vstr_add_char.cold.1
0x1000416D7	0x00000023	[  8] _mp_print_mp_int.cold.1
0x1000416FA	0x00000023	[  8] _mp_vprintf.cold.1
0x10004171D	0x00000023	[ 10] _mpz_need_dig.cold.1
0x100041740	0x00000023	[ 10] _mpz_set_from_str.cold.1
0x100041763	0x00000023	[ 10] _mpz_or_inpl.cold.1
0x100041786	0x00000023	[ 10] _mpz_clone.cold.1
0x1000417A9	0x00000023	[ 10] _mpz_divmod_inpl.cold.1
0x1000417CC	0x00000023	[ 10] _mpz_as_str_inpl.cold.1
0x1000417EF	0x00000023	[ 10] _mpz_as_str_inpl.cold.2
0x100041812	0x00000023	[ 13] _mp_parse.cold.1
0x100041835	0x00000023	[ 13] _mp_parse.cold.2
0x100041858	0x00000023	[ 13] _mp_parse.cold.3
0x10004187B	0x00000023	[ 13] _mp_parse.cold.4
0x10004189E	0x00000023	[ 13] _mp_parse.cold.5
0x1000418C1	0x00000023	[ 13] _mp_parse.cold.6
0x1000418E4	0x00000023	[ 13] _mp_parse.cold.7
0x100041907	0x00000023	[ 13] _mp_parse.cold.8
0x10004192A	0x00000023	[ 13] _mp_parse.cold.9
0x10004194D	0x00000023	[ 13] _mp_parse.cold.10
0x100041970	0x00000023	[ 13] _mp_parse.cold.11
0x100041993	0x00000023	[ 13] _push_rule_from_arg.cold.1
0x1000419B6	0x00000023	[ 13] _pop_result.cold.1
0x1000419D9	0x00000023	[ 13] _push_result_rule.cold.1
0x1000419FC	0x00000023	[ 13] _push_result_rule.cold.2
0x100041A1F	0x00000023	[ 13] _push_result_rule.cold.3
0x100041A42	0x00000023	[ 13] _push_result_rule.cold.4
0x100041A65	0x00000023	[ 13] _push_result_rule.cold.5
0x100041A88	0x00000023	[ 13] _push_result_rule.cold.6
0x100041AAB	0x00000023	[ 13] _push_result_rule.cold.7
0x100041ACE	0x00000023	[ 13] _push_result_rule.cold.8
0x100041AF1	0x00000023	[ 13] _push_result_rule.cold.9
0x100041B14	0x00000023	[ 13] _push_result_rule.cold.10
0x100041B37	0x00000023	[ 13] _push_result_rule.cold.11
0x100041B5A	0x00000023	[ 13] _push_result_rule.cold.12
0x100041B7D	0x00000023	[ 13] _push_result_rule.cold.13
0x100041BA0	0x00000023	[ 13] _push_result_rule.cold.14
0x100041BC3	0x00000023	[ 13] _push_result_rule.cold.15
0x100041BE6	0x00000023	[ 13] _push_result_rule.cold.16
0x100041C09	0x00000023	[ 13] _push_result_rule.cold.17
0x100041C2C	0x00000023	[ 13] _push_result_rule.cold.18
0x100041C4F	0x00000023	[ 13] _push_result_rule.cold.19
0x100041C72	0x00000023	[ 13] _push_result_rule.cold.20
0x100041C95	0x00000021	[ 14] _scope_new.cold.1
0x100041CB6	0x00000023	[ 14] _scope_check_to_close_over.cold.1
0x100041CD9	0x00000021	[ 14] _scope_check_to_close_over.cold.2
0x100041CFB	0x00000023	[ 15] _mp_compile_to_raw_code.cold.1
0x100041D1E	0x00000023	[ 15] _compile_scope_inline_asm.cold.1
0x100041D41	0x00000023	[ 15] _compile_scope_inline_asm.cold.2
0x100041D64	0x00000023	[ 15] _compile_scope_inline_asm.cold.3
0x100041D87	0x00000023	[ 15] _compile_scope_inline_asm.cold.4
0x100041DAA	0x00000023	[ 15] _compile_scope.cold.1
0x100041DCD	0x00000023	[ 15] _compile_scope.cold.2
0x100041DF0	0x00000023	[ 15] _compile_scope.cold.3
0x100041E13	0x00000023	[ 15] _compile_scope.cold.4
0x100041E36	0x00000023	[ 15] _compile_scope.cold.5
0x100041E59	0x00000023	[ 15] _compile_scope.cold.6
0x100041E7C	0x00000023	[ 15] _compile_scope.cold.7
0x100041E9F	0x00000023	[ 15] _compile_scope.cold.8
0x100041EC2	0x00000023	[ 15] _compile_scope.cold.9
0x100041EE5	0x00000023	[ 15] _compile_scope.cold.10
0x100041F08	0x00000023	[ 15] _compile_scope.cold.11
0x100041F2B	0x00000023	[ 15] _compile_scope.cold.12
0x100041F4E	0x00000023	[ 15] _compile_scope.cold.13
0x100041F71	0x00000023	[ 15] _compile_node.cold.1
0x100041F94	0x00000023	[ 15] _compile_scope_comp_iter.cold.1
0x100041FB7	0x00000023	[ 15] _compile_decorated.cold.1
0x100041FDA	0x00000023	[ 15] _compile_decorated.cold.2
0x100041FFD	0x00000023	[ 15] _compile_decorated.cold.3
0x100042020	0x00000023	[ 15] _compile_decorated.cold.4
0x100042043	0x00000023	[ 15] _compile_expr_stmt.cold.1
0x100042066	0x00000023	[ 15] _compile_break_cont_stmt.cold.1
0x100042089	0x00000023	[ 15] _compile_import_from.cold.1
0x1000420AC	0x00000023	[ 15] _compile_import_from.cold.2
0x1000420CF	0x00000023	[ 15] _compile_import_from.cold.3
0x1000420F2	0x00000023	[ 15] _compile_async_stmt.cold.1
0x100042115	0x00000023	[ 15] _compile_async_stmt.cold.2
0x100042138	0x00000023	[ 15] _compile_async_stmt.cold.3
0x10004215B	0x00000023	[ 15] _compile_if_stmt.cold.1
0x10004217E	0x00000023	[ 15] _compile_try_stmt.cold.1
0x1000421A1	0x00000023	[ 15] _compile_with_stmt.cold.1
0x1000421C4	0x00000023	[ 15] _compile_test_if_expr.cold.1
0x1000421E7	0x00000023	[ 15] _compile_comparison.cold.1
0x10004220A	0x00000023	[ 15] _compile_comparison.cold.2
0x10004222D	0x00000023	[ 15] _compile_factor_2.cold.1
0x100042250	0x00000023	[ 15] _compile_atom_paren.cold.1
0x100042273	0x00000023	[ 15] _compile_atom_brace.cold.1
0x100042296	0x00000023	[ 15] _compile_atom_brace.cold.2
0x1000422B9	0x00000023	[ 15] _compile_subscript.cold.1
0x1000422DC	0x00000023	[ 15] _compile_subscript.cold.2
0x1000422FF	0x00000023	[ 15] _compile_subscript.cold.3
0x100042322	0x00000023	[ 15] _compile_subscript.cold.4
0x100042345	0x00000023	[ 15] _compile_funcdef_lambdef_param.cold.1
0x100042368	0x00000023	[ 15] _compile_funcdef_lambdef_param.cold.2
0x10004238B	0x00000023	[ 15] _compile_comprehension.cold.1
0x1000423AE	0x00000023	[ 15] _compile_comprehension.cold.2
0x1000423D1	0x00000023	[ 15] _c_assign.cold.1
0x1000423F4	0x00000023	[ 15] _c_assign.cold.2
0x100042417	0x00000023	[ 15] _c_assign.cold.3
0x10004243A	0x00000023	[ 15] _c_assign.cold.4
0x10004245D	0x00000023	[ 15] _c_del_stmt.cold.1
0x100042480	0x00000023	[ 15] _c_del_stmt.cold.2
0x1000424A3	0x00000023	[ 15] _c_del_stmt.cold.3
0x1000424C6	0x00000023	[ 15] _c_if_cond.cold.1
0x1000424E9	0x00000023	[ 15] _do_import_name.cold.1
0x10004250C	0x00000023	[ 15] _compile_decrease_except_level.cold.1
0x10004252F	0x00000023	[ 15] _compile_for_stmt_optimised_range.cold.1
0x100042552	0x00000023	[ 15] _compile_try_finally.cold.1
0x100042575	0x00000023	[ 15] _compile_try_except.cold.1
0x100042598	0x00000023	[ 15] _compile_scope_func_lambda_param.cold.1
0x1000425BB	0x00000023	[ 15] _compile_scope_func_lambda_param.cold.2
0x1000425DE	0x00000023	[ 15] _compile_scope_func_lambda_param.cold.3
0x100042604	0x00000021	[ 16] _mp_emit_common_id_op.cold.1
0x100042625	0x00000021	[ 16] _mp_emit_common_id_op.cold.2
0x100042646	0x00000023	[ 17] _mp_emit_bc_end_pass.cold.1
0x100042669	0x00000023	[ 17] _mp_emit_bc_end_pass.cold.2
0x10004268C	0x00000023	[ 17] _mp_emit_bc_end_pass.cold.3
0x1000426AF	0x00000023	[ 17] _mp_emit_bc_adjust_stack_size.cold.1
0x1000426D2	0x00000023	[ 17] _mp_emit_bc_set_source_line.cold.1
0x1000426F5	0x00000023	[ 17] _mp_emit_bc_label_assign.cold.1
0x100042718	0x00000023	[ 17] _mp_emit_bc_label_assign.cold.2
0x10004273B	0x00000023	[ 17] _mp_emit_bc_label_assign.cold.3
0x10004275E	0x00000023	[ 17] _emit_write_bytecode_byte_qstr.cold.1
0x100042781	0x00000023	[ 17] _mp_emit_bc_make_closure.cold.1
0x1000427A4	0x00000023	[ 17] _mp_emit_bc_raise_varargs.cold.1
0x1000427C7	0x00000021	[ 17] _emit_get_cur_to_write_code_info.cold.1
0x1000427E8	0x00000023	[ 17] _emit_get_cur_to_write_bytecode.cold.1
0x10004280B	0x00000021	[ 18] _mp_asm_base_start_pass.cold.1
0x10004282C	0x00000021	[ 18] _mp_asm_base_get_cur_to_write_bytes.cold.1
0x10004284D	0x00000021	[ 18] _mp_asm_base_label_assign.cold.1
0x10004286E	0x00000021	[ 18] _mp_asm_base_label_assign.cold.2
0x10004288F	0x00000021	[ 18] _mp_asm_base_label_assign.cold.3
0x1000428B0	0x00000023	[ 19] _asm_x64_test_r8_with_r8.cold.1
0x1000428D3	0x00000023	[ 19] _asm_x64_test_r8_with_r8.cold.2
0x1000428F6	0x00000023	[ 19] _asm_x64_setcc_r8.cold.1
0x100042919	0x00000023	[ 19] _asm_x64_jmp_reg.cold.1
0x10004293C	0x00000023	[ 19] _asm_x64_jmp_label.cold.1
0x10004295F	0x00000023	[ 19] _asm_x64_jcc_label.cold.1
0x100042982	0x00000023	[ 19] _asm_x64_entry.cold.1
0x1000429A5	0x00000023	[ 19] _asm_x64_mov_local_addr_to_r64.cold.1
0x1000429C8	0x00000023	[ 19] _asm_x64_mov_reg_pcrel.cold.1
0x1000429EB	0x00000023	[ 19] _asm_x64_call_ind.cold.1
0x100042A11	0x00000023	[ 20] _emit_native_start_pass.cold.1
0x100042A34	0x00000023	[ 20] _emit_native_start_pass.cold.2
0x100042A57	0x00000023	[ 20] _emit_native_end_pass.cold.1
0x100042A7A	0x00000023	[ 20] _emit_native_end_pass.cold.2
0x100042A9D	0x00000023	[ 20] _emit_native_end_pass.cold.3
0x100042AC0	0x00000023	[ 20] _emit_native_end_pass.cold.4
0x100042AE3	0x00000023	[ 20] _emit_native_store_global.cold.1
0x100042B06	0x00000023	[ 20] _emit_native_import.cold.1
0x100042B29	0x00000023	[ 20] _emit_native_import.cold.2
0x100042B4C	0x00000023	[ 20] _emit_native_import.cold.3
0x100042B6F	0x00000023	[ 20] _emit_native_import.cold.4
0x100042B92	0x00000023	[ 20] _emit_native_load_method.cold.1
0x100042BB5	0x00000023	[ 20] _emit_native_subscr.cold.1
0x100042BD8	0x00000023	[ 20] _emit_native_subscr.cold.2
0x100042BFB	0x00000023	[ 20] _emit_native_attr.cold.1
0x100042C1E	0x00000023	[ 20] _emit_native_attr.cold.2
0x100042C41	0x00000023	[ 20] _emit_native_attr.cold.3
0x100042C64	0x00000023	[ 20] _emit_native_attr.cold.4
0x100042C87	0x00000023	[ 20] _emit_native_setup_block.cold.1
0x100042CAA	0x00000023	[ 20] _emit_native_end_finally.cold.1
0x100042CCD	0x00000023	[ 20] _emit_native_end_finally.cold.2
0x100042CF0	0x00000023	[ 20] _emit_native_get_iter.cold.1
0x100042D13	0x00000023	[ 20] _emit_native_build.cold.1
0x100042D36	0x00000023	[ 20] _emit_native_build.cold.2
0x100042D59	0x00000023	[ 20] _emit_native_build.cold.3
0x100042D7C	0x00000023	[ 20] _emit_native_build.cold.4
0x100042D9F	0x00000023	[ 20] _emit_native_build.cold.5
0x100042DC2	0x00000023	[ 20] _emit_native_build.cold.6
0x100042DE5	0x00000023	[ 20] _emit_native_store_map.cold.1
0x100042E08	0x00000023	[ 20] _emit_native_store_map.cold.2
0x100042E2B	0x00000023	[ 20] _emit_native_store_map.cold.3
0x100042E4E	0x00000023	[ 20] _emit_native_store_comp.cold.1
0x100042E71	0x00000023	[ 20] _emit_native_store_comp.cold.2
0x100042E94	0x00000023	[ 20] _emit_native_store_comp.cold.3
0x100042EB7	0x00000023	[ 20] _emit_native_store_comp.cold.4
0x100042EDA	0x00000023	[ 20] _emit_native_store_comp.cold.5
0x100042EFD	0x00000023	[ 20] _emit_native_unpack_sequence.cold.1
0x100042F20	0x00000023	[ 20] _emit_native_unpack_ex.cold.1
0x100042F43	0x00000023	[ 20] _emit_native_make_function.cold.1
0x100042F66	0x00000023	[ 20] _emit_native_make_function.cold.2
0x100042F89	0x00000023	[ 20] _emit_native_call_function.cold.1
0x100042FAC	0x00000023	[ 20] _emit_native_call_function.cold.2
0x100042FCF	0x00000023	[ 20] _emit_native_call_function.cold.3
0x100042FF2	0x00000023	[ 20] _emit_native_return_value.cold.1
0x100043015	0x00000023	[ 20] _emit_native_raise_varargs.cold.1
0x100043038	0x00000023	[ 20] _adjust_stack.cold.1
0x10004305B	0x00000023	[ 20] _adjust_stack.cold.2
0x10004307E	0x00000023	[ 20] _emit_native_leave_exc_stack.cold.1
0x1000430A1	0x00000023	[ 20] _emit_get_stack_pointer_to_reg_for_pop.cold.1
0x1000430C4	0x00000023	[ 21] _asm_x86_jmp_label.cold.1
0x1000430E7	0x00000023	[ 21] _asm_x86_jcc_label.cold.1
0x10004310A	0x00000023	[ 21] _asm_x86_entry.cold.1
0x10004312D	0x00000023	[ 21] _asm_x86_mov_reg_pcrel.cold.1
0x100043150	0x00000023	[ 21] _asm_x86_call_ind.cold.1
0x100043176	0x00000023	[ 22] _emit_native_start_pass.cold.1
0x100043199	0x00000023	[ 22] _emit_native_start_pass.cold.2
0x1000431BC	0x00000023	[ 22] _emit_native_end_pass.cold.1
0x1000431DF	0x00000023	[ 22] _emit_native_end_pass.cold.2
0x100043202	0x00000023	[ 22] _emit_native_end_pass.cold.3
0x100043225	0x00000023	[ 22] _emit_native_end_pass.cold.4
0x100043248	0x00000023	[ 22] _emit_native_store_global.cold.1
0x10004326B	0x00000023	[ 22] _emit_native_import.cold.1
0x10004328E	0x00000023	[ 22] _emit_native_import.cold.2
0x1000432B1	0x00000023	[ 22] _emit_native_import.cold.3
0x1000432D4	0x00000023	[ 22] _emit_native_import.cold.4
0x1000432F7	0x00000023	[ 22] _emit_native_load_method.cold.1
0x10004331A	0x00000023	[ 22] _emit_native_subscr.cold.1
0x10004333D	0x00000023	[ 22] _emit_native_subscr.cold.2
0x100043360	0x00000023	[ 22] _emit_native_attr.cold.1
0x100043383	0x00000023	[ 22] _emit_native_attr.cold.2
0x1000433A6	0x00000023	[ 22] _emit_native_attr.cold.3
0x1000433C9	0x00000023	[ 22] _emit_native_attr.cold.4
0x1000433EC	0x00000023	[ 22] _emit_native_setup_block.cold.1
0x10004340F	0x00000023	[ 22] _emit_native_end_finally.cold.1
0x100043432	0x00000023	[ 22] _emit_native_end_finally.cold.2
0x100043455	0x00000023	[ 22] _emit_native_get_iter.cold.1
0x100043478	0x00000023	[ 22] _emit_native_build.cold.1
[...]
<<dead>> 	0x00000023	[ 73] _static_class_method_make_new.cold.1
<<dead>> 	0x00000023	[ 73] _super_attr.cold.1
<<dead>> 	0x00000023	[ 73] _super_attr.cold.2
<<dead>> 	0x00000023	[ 73] _super_attr.cold.3
<<dead>> 	0x00000010	[ 73] 16-byte-literal
<<dead>> 	0x00000010	[ 73] 16-byte-literal
<<dead>> 	0x00000010	[ 73] 16-byte-literal
<<dead>> 	0x00000010	[ 73] 16-byte-literal
<<dead>> 	0x00000010	[ 73] 16-byte-literal
<<dead>> 	0x00000010	[ 73] 16-byte-literal
<<dead>> 	0x00000010	[ 73] 16-byte-literal
<<dead>> 	0x00000010	[ 73] 16-byte-literal
<<dead>> 	0x00000014	[ 73] literal string: mp_obj_new_instance
<<dead>> 	0x0000000A	[ 73] literal string: objtype.c
<<dead>> 	0x00000015	[ 73] literal string: num_native_bases < 2
<<dead>> 	0x00000019	[ 73] literal string: mp_obj_instance_make_new
<<dead>> 	0x0000001E	[ 73] literal string: mp_obj_is_instance_type(self)
<<dead>> 	0x00000028	[ 73] literal string: __init__() should return None, not '%s'
<<dead>> 	0x0000001B	[ 73] literal string: '%s' object isn't callable
<<dead>> 	0x00000028	[ 73] literal string: type '%q' isn't an acceptable base type
<<dead>> 	0x0000002E	[ 73] literal string: multiple bases have instance lay-out conflict
<<dead>> 	0x0000001C	[ 73] literal string: instance_count_native_bases
<<dead>> 	0x00000025	[ 73] literal string: mp_obj_is_type(*item, &mp_type_type)
<<dead>> 	0x00000014	[ 73] literal string: mp_obj_class_lookup
<<dead>> 	0x0000001F	[ 73] literal string: lookup->dest[0] == MP_OBJ_NULL
<<dead>> 	0x0000001F	[ 73] literal string: lookup->dest[1] == MP_OBJ_NULL
<<dead>> 	0x00000042	[ 73] literal string: mp_obj_is_dict_or_ordereddict(MP_OBJ_FROM_PTR(type->locals_dict))
<<dead>> 	0x0000000D	[ 73] literal string: <class '%q'>
<<dead>> 	0x0000001C	[ 73] literal string: type takes 1 or 3 arguments
<<dead>> 	0x0000001C	[ 73] literal string: can't create '%q' instances
<<dead>> 	0x0000000A	[ 73] literal string: type_attr
<<dead>> 	0x00000027	[ 73] literal string: mp_obj_is_type(self_in, &mp_type_type)
<<dead>> 	0x00000042	[ 73] literal string: mp_obj_is_dict_or_ordereddict(MP_OBJ_FROM_PTR(self->locals_dict))
<<dead>> 	0x00000035	[ 73] literal string: can't add special method to already-subclassed class
<<dead>> 	0x00000012	[ 73] literal string: <%s object at %p>
<<dead>> 	0x0000001A	[ 73] literal string: mp_obj_instance_load_attr
<<dead>> 	0x00000032	[ 73] literal string: mp_obj_is_instance_type(mp_obj_get_type(self_in))
<<dead>> 	0x00000015	[ 73] literal string: unreadable attribute
<<dead>> 	0x00000016	[ 73] literal string: mp_map_slot_is_filled
<<dead>> 	0x00000006	[ 73] literal string: obj.h
<<dead>> 	0x00000011	[ 73] literal string: pos < map->alloc
<<dead>> 	0x00000009	[ 73] literal string: <super: 
<<dead>> 	0x00000003	[ 73] literal string: , 
<<dead>> 	0x00000002	[ 73] literal string: >
<<dead>> 	0x0000000B	[ 73] literal string: super_attr
<<dead>> 	0x00000028	[ 73] literal string: mp_obj_is_type(self_in, &mp_type_super)
<<dead>> 	0x0000002A	[ 73] literal string: mp_obj_is_type(self->type, &mp_type_type)
<<dead>> 	0x00000028	[ 73] literal string: mp_obj_is_type(items[i], &mp_type_type)
<<dead>> 	0x00000023	[ 73] literal string: issubclass() arg 1 must be a class
<<dead>> 	0x00000039	[ 73] literal string: issubclass() arg 2 must be a class or a tuple of classes
<<dead>> 	0x0000001D	[ 73] literal string: static_class_method_make_new
<<dead>> 	0x0000003E	[ 73] literal string: self == &mp_type_staticmethod || self == &mp_type_classmethod
<<dead>> 	0x00000018	[ 73] _native_base_init_wrapper_obj
<<dead>> 	0x00000078	[ 73] _mp_type_type
<<dead>> 	0x00000078	[ 73] _mp_type_staticmethod
<<dead>> 	0x00000078	[ 73] _mp_type_super
<<dead>> 	0x00000010	[ 73] _mp_builtin_issubclass_obj
<<dead>> 	0x00000010	[ 73] _mp_builtin_isinstance_obj
<<dead>> 	0x00000078	[ 73] _mp_type_classmethod
<<dead>> 	0x00000010	[ 73] _mp_unary_op_method_name
<<dead>> 	0x00000025	[ 73] _mp_binary_op_method_name
<<dead>> 	0x0000006F	[ 74] _zip_make_new
<<dead>> 	0x00000061	[ 74] _zip_iternext
<<dead>> 	0x00000078	[ 74] _mp_type_zip
<<dead>> 	0x00000027	[ 75] _op_getitem
<<dead>> 	0x00000031	[ 75] _op_setitem
<<dead>> 	0x00000024	[ 75] _op_delitem
<<dead>> 	0x00000027	[ 75] _op_contains
<<dead>> 	0x00000010	[ 75] _mp_op_getitem_obj
<<dead>> 	0x00000010	[ 75] _mp_op_setitem_obj
<<dead>> 	0x00000010	[ 75] _mp_op_delitem_obj
<<dead>> 	0x00000010	[ 75] _mp_op_contains_obj
<<dead>> 	0x0000003F	[ 76] _mp_seq_multiply
<<dead>> 	0x00000056	[ 76] _mp_seq_get_fast_slice_indexes
<<dead>> 	0x00000069	[ 76] _mp_seq_extract_slice
<<dead>> 	0x0000008E	[ 76] _mp_seq_cmp_bytes
<<dead>> 	0x000000D8	[ 76] _mp_seq_cmp_objs
<<dead>> 	0x000000B3	[ 76] _mp_seq_index_obj
<<dead>> 	0x0000005B	[ 76] _mp_seq_count_obj
<<dead>> 	0x00000017	[ 76] literal string: object not in sequence
<<dead>> 	0x0000008D	[ 77] _mp_stream_rw
<<dead>> 	0x00000053	[ 77] _mp_get_stream_raise
<<dead>> 	0x0000000C	[ 77] _stream_read
<<dead>> 	0x0000000F	[ 77] _stream_read1
<<dead>> 	0x0000002D	[ 77] _mp_stream_write
<<dead>> 	0x0000000F	[ 77] _mp_stream_write_adaptor
<<dead>> 	0x00000091	[ 77] _stream_write_method
<<dead>> 	0x0000003F	[ 77] _stream_write1_method
<<dead>> 	0x000000B4	[ 77] _stream_readinto
<<dead>> 	0x000000DE	[ 77] _stream_unbuffered_readline
<<dead>> 	0x00000072	[ 77] _stream_unbuffered_readlines
<<dead>> 	0x00000034	[ 77] _mp_stream_unbuffered_iter
<<dead>> 	0x00000036	[ 77] _mp_stream_close
<<dead>> 	0x00000092	[ 77] _stream_seek
<<dead>> 	0x00000052	[ 77] _stream_tell
<<dead>> 	0x00000036	[ 77] _stream_flush
<<dead>> 	0x0000008F	[ 77] _stream_ioctl
<<dead>> 	0x00000271	[ 77] _stream_read_generic
<<dead>> 	0x0000001F	[ 77] literal string: stream operation not supported
<<dead>> 	0x00000018	[ 77] _mp_stream_read_obj
<<dead>> 	0x00000018	[ 77] _mp_stream_read1_obj
<<dead>> 	0x00000018	[ 77] _mp_stream_write_obj
<<dead>> 	0x00000010	[ 77] _mp_stream_write1_obj
<<dead>> 	0x00000018	[ 77] _mp_stream_readinto_obj
<<dead>> 	0x00000018	[ 77] _mp_stream_unbuffered_readline_obj
<<dead>> 	0x00000010	[ 77] _mp_stream_unbuffered_readlines_obj
<<dead>> 	0x00000010	[ 77] _mp_stream_close_obj
<<dead>> 	0x00000018	[ 77] _mp_stream_seek_obj
<<dead>> 	0x00000010	[ 77] _mp_stream_tell_obj
<<dead>> 	0x00000010	[ 77] _mp_stream_flush_obj
<<dead>> 	0x00000018	[ 77] _mp_stream_ioctl_obj
<<dead>> 	0x0000020C	[ 78] _mp_binary_get_size
<<dead>> 	0x00000128	[ 78] _mp_binary_get_val_array
<<dead>> 	0x00000056	[ 78] _mp_binary_get_int
<<dead>> 	0x00000133	[ 78] _mp_binary_get_val
<<dead>> 	0x0000003D	[ 78] _mp_binary_set_int
<<dead>> 	0x00000107	[ 78] _mp_binary_set_val
<<dead>> 	0x000000B8	[ 78] _mp_binary_set_val_array
<<dead>> 	0x000000DB	[ 78] _mp_binary_set_val_array_from_int
<<dead>> 	0x0000000D	[ 78] literal string: bad typecode
<<dead>> 	0x0000004B	[ 79] _mp_obj_is_package
<<dead>> 	0x000002DF	[ 79] _mp_builtin___import__
<<dead>> 	0x0000017C	[ 79] _evaluate_relative_import
<<dead>> 	0x00000054	[ 79] _stat_dir_or_file
<<dead>> 	0x00000033	[ 79] _do_load
<<dead>> 	0x00000023	[ 79] _evaluate_relative_import.cold.1
<<dead>> 	0x00000018	[ 79] _mp_builtin___import___obj
<<dead>> 	0x00000019	[ 79] literal string: evaluate_relative_import
<<dead>> 	0x00000010	[ 79] literal string: builtinimport.c
<<dead>> 	0x00000027	[ 79] literal string: current_module_name_obj != MP_OBJ_NULL
<<dead>> 	0x0000001E	[ 79] literal string: can't perform relative import
<<dead>> 	0x00000015	[ 79] literal string: no module named '%q'
<<dead>> 	0x0000000D	[ 79] literal string: /__init__.py
<<dead>> 	0x00000004	[ 79] literal string: .py
<<dead>> 	0x0000000F	[ 80] _mp_builtin_eval
<<dead>> 	0x0000000F	[ 80] _mp_builtin_exec
<<dead>> 	0x000000B4	[ 80] _eval_exec_helper
<<dead>> 	0x00000018	[ 80] _mp_builtin_eval_obj
<<dead>> 	0x00000018	[ 80] _mp_builtin_exec_obj
<<dead>> 	0x00000100	[ 81] _mp_builtin___build_class__
<<dead>> 	0x00000012	[ 81] _mp_builtin_abs
<<dead>> 	0x00000041	[ 81] _mp_builtin_all
<<dead>> 	0x00000041	[ 81] _mp_builtin_any
<<dead>> 	0x0000004C	[ 81] _mp_builtin_bin
<<dead>> 	0x00000016	[ 81] _mp_builtin_callable
<<dead>> 	0x000000D2	[ 81] _mp_builtin_chr
<<dead>> 	0x00000116	[ 81] _mp_builtin_dir
<<dead>> 	0x00000015	[ 81] _mp_builtin_divmod
<<dead>> 	0x00000012	[ 81] _mp_builtin_hash
<<dead>> 	0x00000017	[ 81] _mp_builtin_hex
<<dead>> 	0x0000000C	[ 81] _mp_builtin_iter
<<dead>> 	0x0000000F	[ 81] _mp_builtin_max
<<dead>> 	0x0000000C	[ 81] _mp_builtin_min
<<dead>> 	0x00000020	[ 81] _mp_builtin_next
<<dead>> 	0x00000017	[ 81] _mp_builtin_oct
<<dead>> 	0x00000090	[ 81] _mp_builtin_ord
<<dead>> 	0x0000002B	[ 81] _mp_builtin_pow
<<dead>> 	0x000000C9	[ 81] _mp_builtin_print
<<dead>> 	0x0000003E	[ 81] _mp_builtin___repl_print__
<<dead>> 	0x00000052	[ 81] _mp_builtin_repr
<<dead>> 	0x0000009E	[ 81] _mp_builtin_round
<<dead>> 	0x0000005A	[ 81] _mp_builtin_sum
<<dead>> 	0x00000057	[ 81] _mp_builtin_sorted
<<dead>> 	0x00000091	[ 81] _mp_builtin_getattr
<<dead>> 	0x0000002D	[ 81] _mp_builtin_setattr
<<dead>> 	0x0000002A	[ 81] _mp_builtin_delattr
<<dead>> 	0x00000069	[ 81] _mp_builtin_hasattr
<<dead>> 	0x00000011	[ 81] _mp_builtin_globals
<<dead>> 	0x00000011	[ 81] _mp_builtin_locals
<<dead>> 	0x0000014F	[ 81] _mp_builtin_min_max
<<dead>> 	0x00000021	[ 81] _mp_builtin___build_class__.cold.1
<<dead>> 	0x00000023	[ 81] _mp_builtin_dir.cold.1
<<dead>> 	0x00000018	[ 81] _mp_builtin___build_class___obj
<<dead>> 	0x00000010	[ 81] _mp_builtin_abs_obj
<<dead>> 	0x00000010	[ 81] _mp_builtin_all_obj
<<dead>> 	0x00000010	[ 81] _mp_builtin_any_obj
<<dead>> 	0x00000010	[ 81] _mp_builtin_bin_obj
<<dead>> 	0x00000010	[ 81] _mp_builtin_callable_obj
<<dead>> 	0x00000010	[ 81] _mp_builtin_chr_obj
<<dead>> 	0x00000018	[ 81] _mp_builtin_dir_obj
<<dead>> 	0x00000010	[ 81] _mp_builtin_divmod_obj
<<dead>> 	0x00000010	[ 81] _mp_builtin_hash_obj
<<dead>> 	0x00000010	[ 81] _mp_builtin_hex_obj
<<dead>> 	0x00000010	[ 81] _mp_builtin_iter_obj
<<dead>> 	0x00000018	[ 81] _mp_builtin_max_obj
<<dead>> 	0x00000018	[ 81] _mp_builtin_min_obj
<<dead>> 	0x00000010	[ 81] _mp_builtin_next_obj
<<dead>> 	0x00000010	[ 81] _mp_builtin_oct_obj
<<dead>> 	0x00000010	[ 81] _mp_builtin_ord_obj
<<dead>> 	0x00000018	[ 81] _mp_builtin_pow_obj
<<dead>> 	0x00000018	[ 81] _mp_builtin_print_obj
<<dead>> 	0x00000010	[ 81] _mp_builtin___repl_print___obj
<<dead>> 	0x00000010	[ 81] _mp_builtin_repr_obj
<<dead>> 	0x00000018	[ 81] _mp_builtin_round_obj
<<dead>> 	0x00000018	[ 81] _mp_builtin_sum_obj
<<dead>> 	0x00000018	[ 81] _mp_builtin_sorted_obj
<<dead>> 	0x00000018	[ 81] _mp_builtin_getattr_obj
<<dead>> 	0x00000010	[ 81] _mp_builtin_setattr_obj
<<dead>> 	0x00000010	[ 81] _mp_builtin_delattr_obj
<<dead>> 	0x00000010	[ 81] _mp_builtin_hasattr_obj
<<dead>> 	0x00000010	[ 81] _mp_builtin_globals_obj
<<dead>> 	0x00000010	[ 81] _mp_builtin_locals_obj
<<dead>> 	0x00000010	[ 81] _mp_builtin_id_obj
<<dead>> 	0x00000010	[ 81] _mp_builtin_len_obj
<<dead>> 	0x000005B0	[ 81] _mp_module_builtins_globals_table
<<dead>> 	0x00000020	[ 81] _mp_module_builtins_globals
<<dead>> 	0x00000010	[ 81] _mp_module_builtins
<<dead>> 	0x0000001B	[ 81] literal string: mp_builtin___build_class__
<<dead>> 	0x0000000E	[ 81] literal string: modbuiltins.c
<<dead>> 	0x0000000C	[ 81] literal string: 2 <= n_args
<<dead>> 	0x00000021	[ 81] literal string: chr() arg not in range(0x110000)
<<dead>> 	0x00000016	[ 81] literal string: mp_map_slot_is_filled
<<dead>> 	0x00000006	[ 81] literal string: obj.h
<<dead>> 	0x00000011	[ 81] literal string: pos < map->alloc
<<dead>> 	0x00000019	[ 81] literal string: arg is an empty sequence
<<dead>> 	0x0000003A	[ 81] literal string: ord() expected a character, but string of length %d found
<<dead>> 	0x0000001A	[ 81] literal string: 3-arg pow() not supported
<<dead>> 	0x00000002	[ 81] literal string: \n
<<dead>> 	0x0000002B	[ 81] literal string: must use keyword argument for key function
<<dead>> 	0x00000020	[ 81] _mp_builtin_print.allowed_args
<<dead>> 	0x0000003C	[ 82] _mp_micropython_opt_level
<<dead>> 	0x00000010	[ 82] _mp_micropython_heap_lock
<<dead>> 	0x0000001C	[ 82] _mp_micropython_heap_unlock
<<dead>> 	0x00000010	[ 82] _mp_module_micropython
<<dead>> 	0x00000050	[ 82] _mp_module_micropython_globals_table
<<dead>> 	0x00000020	[ 82] _mp_module_micropython_globals
<<dead>> 	0x00000018	[ 82] _mp_micropython_opt_level_obj
<<dead>> 	0x00000010	[ 82] _mp_micropython_heap_lock_obj
<<dead>> 	0x00000010	[ 82] _mp_micropython_heap_unlock_obj
<<dead>> 	0x0000002A	[ 83] _struct_calcsize
<<dead>> 	0x000001DD	[ 83] _struct_unpack_from
<<dead>> 	0x0000008C	[ 83] _struct_pack
<<dead>> 	0x000000B3	[ 83] _struct_pack_into
<<dead>> 	0x000000F0	[ 83] _calc_size_items
<<dead>> 	0x00000049	[ 83] _get_fmt_num
<<dead>> 	0x0000016D	[ 83] _struct_pack_into_internal
<<dead>> 	0x00000010	[ 83] _struct_calcsize_obj
<<dead>> 	0x00000018	[ 83] _struct_unpack_from_obj
<<dead>> 	0x00000018	[ 83] _struct_pack_obj
<<dead>> 	0x00000018	[ 83] _struct_pack_into_obj
<<dead>> 	0x00000018	[ 83] _mp_module_ustruct
<<dead>> 	0x00000060	[ 83] _mp_module_struct_globals_table
<<dead>> 	0x00000020	[ 83] _mp_module_struct_globals
<<dead>> 	0x00000011	[ 83] literal string: buffer too small
<<dead>> 	0x000016C0	[ 84] _mp_execute_bytecode
<<dead>> 	0x00000030	[ 84] _mp_execute_bytecode.cold.1
<<dead>> 	0x00000030	[ 84] _mp_execute_bytecode.cold.2
<<dead>> 	0x00000030	[ 84] _mp_execute_bytecode.cold.3
<<dead>> 	0x00000030	[ 84] _mp_execute_bytecode.cold.4
<<dead>> 	0x00000030	[ 84] _mp_execute_bytecode.cold.5
<<dead>> 	0x00000030	[ 84] _mp_execute_bytecode.cold.6
<<dead>> 	0x00000030	[ 84] _mp_execute_bytecode.cold.7
<<dead>> 	0x00000030	[ 84] _mp_execute_bytecode.cold.8
<<dead>> 	0x00000030	[ 84] _mp_execute_bytecode.cold.9
<<dead>> 	0x00000030	[ 84] _mp_execute_bytecode.cold.10
<<dead>> 	0x00000030	[ 84] _mp_execute_bytecode.cold.11
<<dead>> 	0x00000023	[ 84] _mp_execute_bytecode.cold.12
<<dead>> 	0x0000002C	[ 84] literal string: local variable referenced before assignment
<<dead>> 	0x00000014	[ 84] literal string: mp_execute_bytecode
<<dead>> 	0x00000005	[ 84] literal string: vm.c
<<dead>> 	0x00000024	[ 84] literal string: mp_obj_is_exception_instance(TOP())
<<dead>> 	0x00000014	[ 84] literal string: exc_sp >= exc_stack
<<dead>> 	0x00000029	[ 84] literal string: &sp[-1] == MP_TAGPTR_PTR(exc_sp->val_sp)
<<dead>> 	0x00000040	[ 84] literal string: sp[-1] == mp_const_none || mp_obj_is_exception_instance(sp[-1])
<<dead>> 	0x00000018	[ 84] literal string: exc_sp == exc_stack - 1
<<dead>> 	0x0000001F	[ 84] literal string: no active exception to reraise
<<dead>> 	0x00000021	[ 84] literal string: exception chaining not supported
<<dead>> 	0x00000023	[ 84] literal string: ret_kind == MP_VM_RETURN_EXCEPTION
<<dead>> 	0x0000003F	[ 84] literal string: !EXC_MATCH(ret_value, MP_OBJ_FROM_PTR(&mp_type_StopIteration))
<<dead>> 	0x00000007	[ 84] literal string: opcode
<<dead>> 	0x000004D5	[ 85] _mp_setup_code_state
<<dead>> 	0x00000030	[ 85] _fun_pos_args_mismatch
<<dead>> 	0x00000063	[ 85] _mp_opcode_format
<<dead>> 	0x0000002F	[ 85] literal string: function got multiple values for argument '%q'
<<dead>> 	0x00000021	[ 85] literal string: unexpected keyword argument '%q'
<<dead>> 	0x00000032	[ 85] literal string: function missing required positional argument #%d
<<dead>> 	0x00000030	[ 85] literal string: function missing required keyword argument '%q'
<<dead>> 	0x00000027	[ 85] literal string: function missing keyword-only argument
<<dead>> 	0x00000035	[ 85] literal string: %q() takes %d positional arguments but %d were given
<<dead>> 	0x00000080	[ 86] _mp_small_int_mul_overflow
<<dead>> 	0x00000028	[ 86] _mp_small_int_modulo
<<dead>> 	0x0000002E	[ 86] _mp_small_int_floor_divide
<<dead>> 	0x00000701	[ 87] _main_
<<dead>> 	0x00000037	[ 87] _usage
<<dead>> 	0x0000001F	[ 87] _main
<<dead>> 	0x00000008	[ 87] _mp_import_stat
<<dead>> 	0x00000029	[ 87] _nlr_jump_fail
<<dead>> 	0x0000000F	[ 87] _stderr_print_strn
<<dead>> 	0x00000008	[ 87] _heap_size
<<dead>> 	0x00000003	[ 87] literal string: -X
<<dead>> 	0x0000000A	[ 87] literal string: --version
<<dead>> 	0x00000003	[ 87] literal string: -v
<<dead>> 	0x00000003	[ 87] literal string: -O
<<dead>> 	0x00000003	[ 87] literal string: -o
<<dead>> 	0x00000003	[ 87] literal string: -s
<<dead>> 	0x00000012	[ 87] literal string: -msmall-int-bits=
<<dead>> 	0x0000000D	[ 87] literal string: -mno-unicode
<<dead>> 	0x0000000A	[ 87] literal string: -municode
<<dead>> 	0x00000008	[ 87] literal string: -march=
<<dead>> 	0x00000004	[ 87] literal string: x86
<<dead>> 	0x00000004	[ 87] literal string: x64
<<dead>> 	0x00000006	[ 87] literal string: armv6
<<dead>> 	0x00000007	[ 87] literal string: armv7m
<<dead>> 	0x00000008	[ 87] literal string: armv7em
<<dead>> 	0x0000000A	[ 87] literal string: armv7emsp
<<dead>> 	0x0000000A	[ 87] literal string: armv7emdp
<<dead>> 	0x00000007	[ 87] literal string: xtensa
<<dead>> 	0x0000000A	[ 87] literal string: xtensawin
<<dead>> 	0x00000016	[ 87] literal string: multiple input files\n
<<dead>> 	0x0000000F	[ 87] literal string: no input file\n
<<dead>> 	0x00000018	[ 87] literal string: FATAL: uncaught NLR %p\n
<<dead>> 	0x0000000E	[ 87] literal string: emit=bytecode
<<dead>> 	0x0000000C	[ 87] literal string: emit=native
<<dead>> 	0x0000000B	[ 87] literal string: emit=viper
<<dead>> 	0x0000000A	[ 87] literal string: heapsize=
<<dead>> 	0x000002A8	[ 87] literal string: usage: %s [<opts>] [-X <implopt>] <input filename>\nOptions:\n--version : show version information\n-o : output file for compiled bytecode (defaults to input with .mpy extension)\n-s : source filename to embed in the compiled bytecode (defaults to input file)\n-v : verbose (trace various operations); can be multiple\n-O[N] : apply bytecode optimizations of level N\n\nTarget specific options:\n-msmall-int-bits=number : set the maximum bits used to encode a small-int\n-mno-unicode : don't support unicode in compiled strings\n-march=<arch> : set architecture for native emitter; x86, x64, armv6, armv7m, armv7em, armv7emsp, armv7emdp, xtensa, xtensawin\n\nImplementation specific options:\n
<<dead>> 	0x0000003E	[ 87] literal string:   heapsize=<n> -- set the heap size for the GC (default %ld)\n
<<dead>> 	0x00000004	[ 87] literal string: mpy
<<dead>> 	0x0000003D	[ 87] literal string: MicroPython 8604453 on 2024-09-14; mpy-cross emitting mpy v5
<<dead>> 	0x0000003F	[ 87] literal string:   emit={bytecode,native,viper} -- set the default code emitter
<<dead>> 	0x00000010	[ 87] _mp_stderr_print
<<dead>> 	0x00000008	[ 87] _mp_verbose_flag
<<dead>> 	0x00000004	[ 87] _emit_opt
<<dead>> 	0x00000014	[ 88] _gc_collect
<<dead>> 	0x00000074	[ 89] _gc_helper_collect_regs_and_stack
<<dead>> 	0x00000000	[  0] __mh_execute_header
<<dead>> 	0x00000000	[  0] ___dso_handle
<<dead>> 	0x100000000	[  0] page zero
<<dead>> 	0x00000000	[ 90] ____chkstk_darwin
<<dead>> 	0x00000000	[ 90] ___assert_rtn
<<dead>> 	0x00000000	[ 90] ___bzero
<<dead>> 	0x00000000	[ 90] ___error
<<dead>> 	0x00000000	[ 90] ___exp10
<<dead>> 	0x00000000	[ 90] ___memcpy_chk
<<dead>> 	0x00000000	[ 90] ___sincos_stret
<<dead>> 	0x00000000	[ 90] ___stack_chk_fail
<<dead>> 	0x00000000	[ 90] ___stack_chk_guard
<<dead>> 	0x00000000	[ 90] ___stderrp
<<dead>> 	0x00000000	[ 90] _atan2
<<dead>> 	0x00000000	[ 90] _close
<<dead>> 	0x00000000	[ 90] _exit
<<dead>> 	0x00000000	[ 90] _exp
<<dead>> 	0x00000000	[ 90] _fmod
<<dead>> 	0x00000000	[ 90] _fprintf
<<dead>> 	0x00000000	[ 90] _log
<<dead>> 	0x00000000	[ 90] _malloc
<<dead>> 	0x00000000	[ 90] _memchr
<<dead>> 	0x00000000	[ 90] _memcmp
<<dead>> 	0x00000000	[ 90] _memcpy
<<dead>> 	0x00000000	[ 90] _memmove
<<dead>> 	0x00000000	[ 90] _memset
<<dead>> 	0x00000000	[ 90] _nan
<<dead>> 	0x00000000	[ 90] _open
<<dead>> 	0x00000000	[ 90] _pow
<<dead>> 	0x00000000	[ 90] _printf
<<dead>> 	0x00000000	[ 90] _puts
<<dead>> 	0x00000000	[ 90] _read
<<dead>> 	0x00000000	[ 90] _strchr
<<dead>> 	0x00000000	[ 90] _strcmp
<<dead>> 	0x00000000	[ 90] _strlen
<<dead>> 	0x00000000	[ 90] _strncmp
<<dead>> 	0x00000000	[ 90] _strtol
<<dead>> 	0x00000000	[ 90] _write
